[demos.thementic.com/opencart/OPC02/OPC0200080/index3f16.html]
[backblue.gif]
[fade.gif]
[index.html]
[demos.thementic.com/opencart/OPC02/OPC0200080/catalog/view/javascript/bootstrap/js/bootstrap.min.js]
[demos.thementic.com/opencart/OPC02/OPC0200080/catalog/view/javascript/jquery/jquery-2.1.1.min.js]
[demos.thementic.com/opencart/OPC02/OPC0200080/catalog/view/javascript/font-awesome/css/font-awesome.min.css]
[demos.thementic.com/opencart/OPC02/OPC0200080/catalog/view/theme/fretinespice/stylesheet/themecss/lightbox.css]
[demos.thementic.com/opencart/OPC02/OPC0200080/catalog/view/javascript/jquery/magnific/magnific-popup.css]
[demos.thementic.com/opencart/OPC02/OPC0200080/catalog/view/javascript/jquery/owl-carousel/owl.carousel.css]
[demos.thementic.com/opencart/OPC02/OPC0200080/catalog/view/javascript/jquery/owl-carousel/owl.transitions.css]
[demos.thementic.com/opencart/OPC02/OPC0200080/catalog/view/theme/fretinespice/stylesheet/stylesheet.css]
[demos.thementic.com/opencart/OPC02/OPC0200080/catalog/view/theme/fretinespice/stylesheet/themecss/carousel.css]
[demos.thementic.com/opencart/OPC02/OPC0200080/catalog/view/theme/fretinespice/stylesheet/themecss/custom.css]
[demos.thementic.com/opencart/OPC02/OPC0200080/catalog/view/theme/fretinespice/stylesheet/themecss/animate.css]
[demos.thementic.com/opencart/OPC02/OPC0200080/catalog/view/theme/fretinespice/stylesheet/themecss/bootstrap.min.css]
[demos.thementic.com/opencart/OPC02/OPC0200080/catalog/view/javascript/lightbox/lightbox-2.6.min.js]
[demos.thementic.com/opencart/OPC02/OPC0200080/catalog/view/javascript/jquery/swiper/css/swiper.min.css]
[demos.thementic.com/opencart/OPC02/OPC0200080/catalog/view/javascript/jquery/swiper/css/opencart.css]
[demos.thementic.com/opencart/OPC02/OPC0200080/catalog/view/javascript/common.js]
[demos.thementic.com/opencart/OPC02/OPC0200080/catalog/view/javascript/jquery/swiper/js/swiper.jquery.js]
[demos.thementic.com/opencart/OPC02/OPC0200080/catalog/view/javascript/themejs/custom.js]
[demos.thementic.com/opencart/OPC02/OPC0200080/catalog/view/javascript/themejs/productcarosel.min.js]
[demos.thementic.com/opencart/OPC02/OPC0200080/catalog/view/javascript/themejs/jquery.custom.min.js]
[demos.thementic.com/opencart/OPC02/OPC0200080/catalog/view/javascript/themejs/jquery.formalize.min.js]
[demos.thementic.com/opencart/OPC02/OPC0200080/catalog/view/javascript/themejs/jquery.elevatezoom.min.js]
[demos.thementic.com/opencart/OPC02/OPC0200080/catalog/view/javascript/themejs/bootstrap-notify.min.js]
[demos.thementic.com/opencart/OPC02/OPC0200080/catalog/view/javascript/jquery/magnific/jquery.magnific-popup.min.js]
[demos.thementic.com/opencart/OPC02/OPC0200080/catalog/view/javascript/themejs/owl.carousel.min.js]
[demos.thementic.com/opencart/OPC02/OPC0200080/catalog/view/javascript/jquery.countdown.min.js]
[demos.thementic.com/opencart/OPC02/OPC0200080/catalog/view/javascript/jquery.countdown.js]
[demos.thementic.com/opencart/OPC02/OPC0200080/catalog/view/javascript/themejs/tabs.js]
[demos.thementic.com/opencart/OPC02/OPC0200080/catalog/view/javascript/themejs/parallax.js]
[demos.thementic.com/opencart/OPC02/OPC0200080/indexe223.html]
[demos.thementic.com/opencart/OPC02/OPC0200080/index5502.html]
[demos.thementic.com/opencart/OPC02/OPC0200080/index630e.html]
[demos.thementic.com/opencart/OPC02/OPC0200080/index9328.html]
[demos.thementic.com/opencart/OPC02/OPC0200080/image/catalog/logo.png]
[demos.thementic.com/opencart/OPC02/OPC0200080/indexcd03.html]
[demos.thementic.com/opencart/OPC02/OPC0200080/index8122.html]
[demos.thementic.com/opencart/OPC02/OPC0200080/index2336.html]
[demos.thementic.com/opencart/OPC02/OPC0200080/index69e8.html]
[demos.thementic.com/opencart/OPC02/OPC0200080/index3b11.html]
[demos.thementic.com/opencart/OPC02/OPC0200080/indexbe11.html]
[demos.thementic.com/opencart/OPC02/OPC0200080/index1292.html]
[demos.thementic.com/opencart/OPC02/OPC0200080/indexcc97.html]
[demos.thementic.com/opencart/OPC02/OPC0200080/index22e6.html]
[demos.thementic.com/opencart/OPC02/OPC0200080/indexd86f.html]
[demos.thementic.com/opencart/OPC02/OPC0200080/indexa79e.html]
[demos.thementic.com/opencart/OPC02/OPC0200080/index8742.html]
[demos.thementic.com/opencart/OPC02/OPC0200080/index393d.html]
[demos.thementic.com/opencart/OPC02/OPC0200080/index68ea.html]
[demos.thementic.com/opencart/OPC02/OPC0200080/indexb152.html]
[demos.thementic.com/opencart/OPC02/OPC0200080/indexec58.html]
[demos.thementic.com/opencart/OPC02/OPC0200080/indexc957.html]
[demos.thementic.com/opencart/OPC02/OPC0200080/indexc295.html]
[demos.thementic.com/opencart/OPC02/OPC0200080/catalog/language/en-gb/en-gb.png]
[demos.thementic.com/opencart/OPC02/OPC0200080/catalog/language/ar/ar.png]
[demos.thementic.com/opencart/OPC02/OPC0200080/image/cache/catalog/demo/banners/main-banner-01-1903x838.jpg]
[demos.thementic.com/opencart/OPC02/OPC0200080/image/cache/catalog/demo/banners/main-banner-02-1903x838.jpg]
[demos.thementic.com/opencart/OPC02/OPC0200080/image/cache/catalog/demo/banners/main-banner-03-1903x838.jpg]
[demos.thementic.com/opencart/OPC02/OPC0200080/image/cache/catalog/demo/categories/star-anise-400x250.jpg]
[demos.thementic.com/opencart/OPC02/OPC0200080/image/cache/catalog/demo/categories/3-400x250.jpg]
[demos.thementic.com/opencart/OPC02/OPC0200080/image/cache/catalog/demo/categories/15-400x250.jpg]
[demos.thementic.com/opencart/OPC02/OPC0200080/image/cache/catalog/demo/categories/9-400x250.jpg]
[demos.thementic.com/opencart/OPC02/OPC0200080/image/catalog/demo/banners/banner_img2.jpg]
[demos.thementic.com/opencart/OPC02/OPC0200080/image/catalog/demo/banners/banner_img3.jpg]
[demos.thementic.com/opencart/OPC02/OPC0200080/index0f47.html]
[demos.thementic.com/opencart/OPC02/OPC0200080/indexf72e.html]
[demos.thementic.com/opencart/OPC02/OPC0200080/index531d.html]
[demos.thementic.com/opencart/OPC02/OPC0200080/index5e0b.html]
[demos.thementic.com/opencart/OPC02/OPC0200080/image/cache/catalog/demo/product/12-314x338.jpg]
[demos.thementic.com/opencart/OPC02/OPC0200080/image/cache/catalog/demo/product/3-314x338.jpg]
[demos.thementic.com/opencart/OPC02/OPC0200080/index0d3e.html]
[demos.thementic.com/opencart/OPC02/OPC0200080/indexa17e.html]
[demos.thementic.com/opencart/OPC02/OPC0200080/image/cache/catalog/demo/product/8-314x338.jpg]
[demos.thementic.com/opencart/OPC02/OPC0200080/image/cache/catalog/demo/product/7-314x338.jpg]
[demos.thementic.com/opencart/OPC02/OPC0200080/indexcc95.html]
[demos.thementic.com/opencart/OPC02/OPC0200080/indexd94c.html]
[demos.thementic.com/opencart/OPC02/OPC0200080/image/cache/catalog/demo/product/14-314x338.jpg]
[demos.thementic.com/opencart/OPC02/OPC0200080/image/cache/catalog/demo/product/6-314x338.jpg]
[demos.thementic.com/opencart/OPC02/OPC0200080/index5b4c.html]
[demos.thementic.com/opencart/OPC02/OPC0200080/indexb77e.html]
[demos.thementic.com/opencart/OPC02/OPC0200080/indexdd37.html]
[demos.thementic.com/opencart/OPC02/OPC0200080/index6320.html]
[demos.thementic.com/opencart/OPC02/OPC0200080/image/cache/catalog/demo/product/11-314x338.jpg]
[demos.thementic.com/opencart/OPC02/OPC0200080/index097a.html]
[demos.thementic.com/opencart/OPC02/OPC0200080/index2ebe.html]
[demos.thementic.com/opencart/OPC02/OPC0200080/index30de.html]
[demos.thementic.com/opencart/OPC02/OPC0200080/index9144.html]
[demos.thementic.com/opencart/OPC02/OPC0200080/index9aba.html]
[demos.thementic.com/opencart/OPC02/OPC0200080/indexd21c.html]
[demos.thementic.com/opencart/OPC02/OPC0200080/image/cache/catalog/demo/product/1-314x338.jpg]
[demos.thementic.com/opencart/OPC02/OPC0200080/index7f5a.html]
[demos.thementic.com/opencart/OPC02/OPC0200080/indexb8ca.html]
[demos.thementic.com/opencart/OPC02/OPC0200080/indexff8a.html]
[demos.thementic.com/opencart/OPC02/OPC0200080/index75be.html]
[demos.thementic.com/opencart/OPC02/OPC0200080/indexabd0.html]
[demos.thementic.com/opencart/OPC02/OPC0200080/indexcae8.html]
[demos.thementic.com/opencart/OPC02/OPC0200080/image/cache/catalog/demo/product/5-314x338.jpg]
[demos.thementic.com/opencart/OPC02/OPC0200080/index059b.html]
[demos.thementic.com/opencart/OPC02/OPC0200080/index3d7a.html]
[demos.thementic.com/opencart/OPC02/OPC0200080/indexc983.html]
[demos.thementic.com/opencart/OPC02/OPC0200080/indexc21e.html]
[demos.thementic.com/opencart/OPC02/OPC0200080/indexa341.html]
[demos.thementic.com/opencart/OPC02/OPC0200080/image/catalog/demo/banners/person1.png]
[demos.thementic.com/opencart/OPC02/OPC0200080/image/catalog/demo/banners/person2.png]
[demos.thementic.com/opencart/OPC02/OPC0200080/image/catalog/demo/banners/person4.png]
[demos.thementic.com/opencart/OPC02/OPC0200080/image/cache/catalog/demo/blog/1-893x708.jpg]
[demos.thementic.com/opencart/OPC02/OPC0200080/image/cache/catalog/demo/blog/3-893x708.jpg]
[demos.thementic.com/opencart/OPC02/OPC0200080/index11d5.html]
[demos.thementic.com/opencart/OPC02/OPC0200080/image/cache/catalog/demo/blog/5-893x708.jpg]
[demos.thementic.com/opencart/OPC02/OPC0200080/image/cache/catalog/demo/blog/4-893x708.jpg]
[demos.thementic.com/opencart/OPC02/OPC0200080/indexaa69.html]
[demos.thementic.com/opencart/OPC02/OPC0200080/image/cache/catalog/demo/blog/2-893x708.jpg]
[demos.thementic.com/opencart/OPC02/OPC0200080/index5463.html]
[demos.thementic.com/opencart/OPC02/OPC0200080/image/catalog/demo/banners/offer_img1.jpg]
[demos.thementic.com/opencart/OPC02/OPC0200080/image/catalog/demo/banners/offer_img2.png]
[demos.thementic.com/opencart/OPC02/OPC0200080/image/cache/catalog/demo/manufacturer/2-125x125.png]
[demos.thementic.com/opencart/OPC02/OPC0200080/image/cache/catalog/demo/manufacturer/3-125x125.png]
[demos.thementic.com/opencart/OPC02/OPC0200080/image/cache/catalog/demo/manufacturer/4-125x125.png]
[demos.thementic.com/opencart/OPC02/OPC0200080/image/cache/catalog/demo/manufacturer/5-125x125.png]
[demos.thementic.com/opencart/OPC02/OPC0200080/image/cache/catalog/demo/manufacturer/6-125x125.png]
[demos.thementic.com/opencart/OPC02/OPC0200080/image/cache/catalog/demo/manufacturer/7-125x125.png]
[demos.thementic.com/opencart/OPC02/OPC0200080/indexd773.html]
[demos.thementic.com/opencart/OPC02/OPC0200080/index2724.html]
[demos.thementic.com/opencart/OPC02/OPC0200080/index4dd2.html]
[demos.thementic.com/opencart/OPC02/OPC0200080/index8816.html]
[demos.thementic.com/opencart/OPC02/OPC0200080/index1766.html]
[demos.thementic.com/opencart/OPC02/OPC0200080/index1679.html]
[demos.thementic.com/opencart/OPC02/OPC0200080/index99e4.html]
[demos.thementic.com/opencart/OPC02/OPC0200080/index7cb2.html]
[demos.thementic.com/opencart/OPC02/OPC0200080/index3d18.html]
[demos.thementic.com/opencart/OPC02/OPC0200080/index3f16.html]
[demos.thementic.com/opencart/OPC02/OPC0200080/indexf110.html]
[demos.thementic.com/opencart/OPC02/OPC0200080/catalog/view/javascript/font-awesome/fonts/fontawesome-webfont3e6e.eot]
[demos.thementic.com/opencart/OPC02/OPC0200080/catalog/view/javascript/font-awesome/fonts/fontawesome-webfontd41d.eot]
[demos.thementic.com/opencart/OPC02/OPC0200080/catalog/view/javascript/font-awesome/css/font-awesome.min.css]
[demos.thementic.com/opencart/OPC02/OPC0200080/catalog/view/theme/fretinespice/image/themeimage/cat_arrow_hover.png]
[demos.thementic.com/opencart/OPC02/OPC0200080/catalog/view/theme/fretinespice/image/themeimage/category_load.gif]
[demos.thementic.com/opencart/OPC02/OPC0200080/catalog/view/theme/fretinespice/image/themeimage/categorycms-bg.png]
[demos.thementic.com/opencart/OPC02/OPC0200080/catalog/view/theme/fretinespice/image/themeimage/header_top_links_pipe.jpg]
[demos.thementic.com/opencart/OPC02/OPC0200080/catalog/view/theme/fretinespice/image/themeimage/footer-logo.png]
[demos.thementic.com/opencart/OPC02/OPC0200080/catalog/view/theme/fretinespice/image/themeimage/brand-bg.png]
[demos.thementic.com/opencart/OPC02/OPC0200080/catalog/view/theme/fretinespice/image/themeimage/sprite.png]
[demos.thementic.com/opencart/OPC02/OPC0200080/catalog/view/theme/fretinespice/stylesheet/stylesheet.css]
[demos.thementic.com/opencart/OPC02/OPC0200080/catalog/view/theme/fretinespice/image/themeimage/lightbox/close.png]
[demos.thementic.com/opencart/OPC02/OPC0200080/catalog/view/theme/fretinespice/image/themeimage/lightbox/loading.gif]
[demos.thementic.com/opencart/OPC02/OPC0200080/catalog/view/theme/fretinespice/image/themeimage/lightbox/prev.png]
[demos.thementic.com/opencart/OPC02/OPC0200080/catalog/view/theme/fretinespice/image/themeimage/lightbox/next.png]
[demos.thementic.com/opencart/OPC02/OPC0200080/catalog/view/theme/fretinespice/stylesheet/themecss/lightbox.css]
[demos.thementic.com/opencart/OPC02/OPC0200080/catalog/view/javascript/jquery/magnific/magnific-popup.css]
[demos.thementic.com/opencart/OPC02/OPC0200080/catalog/view/javascript/jquery/owl-carousel/grabbing.png]
[demos.thementic.com/opencart/OPC02/OPC0200080/catalog/view/javascript/jquery/owl-carousel/owl.carousel.css]
[demos.thementic.com/opencart/OPC02/OPC0200080/catalog/view/javascript/jquery/owl-carousel/owl.transitions.css]
[demos.thementic.com/opencart/OPC02/OPC0200080/catalog/view/theme/fretinespice/stylesheet/themecss/carousel.css]
[demos.thementic.com/opencart/OPC02/OPC0200080/catalog/view/theme/fretinespice/image/themeimage/select-arrow-down.gif]
[demos.thementic.com/opencart/OPC02/OPC0200080/catalog/view/theme/fretinespice/image/themeimage/select-arrow-up.gif]
[demos.thementic.com/opencart/OPC02/OPC0200080/catalog/view/theme/fretinespice/image/themeimage/fancybox_sprite.png]
[demos.thementic.com/opencart/OPC02/OPC0200080/catalog/view/theme/fretinespice/stylesheet/themecss/custom.css]
[demos.thementic.com/opencart/OPC02/OPC0200080/catalog/view/javascript/bootstrap/fonts/glyphicons-halflings-regular.eot]
[demos.thementic.com/opencart/OPC02/OPC0200080/catalog/view/javascript/bootstrap/fonts/glyphicons-halflings-regular.woff]
[demos.thementic.com/opencart/OPC02/OPC0200080/catalog/view/javascript/bootstrap/fonts/glyphicons-halflings-regular.ttf]
[demos.thementic.com/opencart/OPC02/OPC0200080/catalog/view/theme/fretinespice/stylesheet/themecss/bootstrap.min.css]
[demos.thementic.com/opencart/OPC02/OPC0200080/catalog/view/theme/fretinespice/stylesheet/themecss/animate.css]
[demos.thementic.com/opencart/OPC02/OPC0200080/catalog/view/javascript/jquery/swiper/css/swiper.min.css]
[demos.thementic.com/opencart/OPC02/OPC0200080/catalog/view/javascript/jquery/swiper/css/opencart.css]
[demos.thementic.com/opencart/OPC02/OPC0200080/image/catalog/cart.png]
[demos.thementic.com/opencart/OPC02/OPC0200080/catalog/view/javascript/themejs/jstree.min.js]
[demos.thementic.com/opencart/OPC02/OPC0200080/indexacda.html]
[demos.thementic.com/opencart/OPC02/OPC0200080/catalog/view/javascript/themejs/carousel.min.js]
[demos.thementic.com/opencart/OPC02/OPC0200080/indexe223.html]
[demos.thementic.com/opencart/OPC02/OPC0200080/catalog/view/javascript/jquery/datetimepicker/bootstrap-datetimepicker.min.css]
[demos.thementic.com/opencart/OPC02/OPC0200080/catalog/view/javascript/jquery/datetimepicker/moment/moment.min.js]
[demos.thementic.com/opencart/OPC02/OPC0200080/catalog/view/javascript/jquery/datetimepicker/bootstrap-datetimepicker.min.js]
[demos.thementic.com/opencart/OPC02/OPC0200080/index11ee.html]
[demos.thementic.com/opencart/OPC02/OPC0200080/index5502.html]
[demos.thementic.com/opencart/OPC02/OPC0200080/index630e.html]
[demos.thementic.com/opencart/OPC02/OPC0200080/index9328.html]
[demos.thementic.com/opencart/OPC02/OPC0200080/index.html]
[demos.thementic.com/opencart/OPC02/OPC0200080/index98dc.html]
[demos.thementic.com/opencart/OPC02/OPC0200080/index70a9.html]
[demos.thementic.com/opencart/OPC02/OPC0200080/indexcac5.html]
[demos.thementic.com/opencart/OPC02/OPC0200080/image/cache/catalog/demo/product/1-77x83.jpg]
[demos.thementic.com/opencart/OPC02/OPC0200080/image/cache/catalog/demo/product/12-77x83.jpg]
[demos.thementic.com/opencart/OPC02/OPC0200080/image/cache/catalog/demo/product/2-77x83.jpg]
[demos.thementic.com/opencart/OPC02/OPC0200080/image/cache/catalog/demo/product/6-77x83.jpg]
[demos.thementic.com/opencart/OPC02/OPC0200080/image/cache/catalog/demo/product/14-77x83.jpg]
[demos.thementic.com/opencart/OPC02/OPC0200080/image/cache/catalog/demo/product/10-77x83.jpg]
[demos.thementic.com/opencart/OPC02/OPC0200080/image/cache/catalog/demo/banners/left-banner-295x400.jpg]
[demos.thementic.com/opencart/OPC02/OPC0200080/indexbb02.html]
[demos.thementic.com/opencart/OPC02/OPC0200080/image/cache/catalog/demo/product/4-77x83.jpg]
[demos.thementic.com/opencart/OPC02/OPC0200080/index6d6f.html]
[demos.thementic.com/opencart/OPC02/OPC0200080/image/cache/catalog/demo/banners/category-banner-945x212.jpg]
[demos.thementic.com/opencart/OPC02/OPC0200080/image/cache/catalog/demo/categories/1-314x338.jpg]
[demos.thementic.com/opencart/OPC02/OPC0200080/indexcc55.html]
[demos.thementic.com/opencart/OPC02/OPC0200080/index42c4.html]
[demos.thementic.com/opencart/OPC02/OPC0200080/indexd800.html]
[demos.thementic.com/opencart/OPC02/OPC0200080/image/cache/catalog/demo/product/4-314x338.jpg]
[demos.thementic.com/opencart/OPC02/OPC0200080/index1fd0.html]
[demos.thementic.com/opencart/OPC02/OPC0200080/index13e5.html]
[demos.thementic.com/opencart/OPC02/OPC0200080/index0556.html]
[demos.thementic.com/opencart/OPC02/OPC0200080/index3365.html]
[demos.thementic.com/opencart/OPC02/OPC0200080/indexf63b.html]
[demos.thementic.com/opencart/OPC02/OPC0200080/indexf68b.html]
[demos.thementic.com/opencart/OPC02/OPC0200080/index9192.html]
[demos.thementic.com/opencart/OPC02/OPC0200080/index5284.html]
[demos.thementic.com/opencart/OPC02/OPC0200080/index50de.html]
[demos.thementic.com/opencart/OPC02/OPC0200080/indexf9e1.html]
[demos.thementic.com/opencart/OPC02/OPC0200080/indexe43c.html]
[demos.thementic.com/opencart/OPC02/OPC0200080/index0e0a.html]
[demos.thementic.com/opencart/OPC02/OPC0200080/indexfbbe.html]
[demos.thementic.com/opencart/OPC02/OPC0200080/index7997.html]
[demos.thementic.com/opencart/OPC02/OPC0200080/indexac72.html]
[demos.thementic.com/opencart/OPC02/OPC0200080/indexccf5.html]
[demos.thementic.com/opencart/OPC02/OPC0200080/indexd467.html]
[demos.thementic.com/opencart/OPC02/OPC0200080/index09cd.html]
[demos.thementic.com/opencart/OPC02/OPC0200080/indexa127.html]
[demos.thementic.com/opencart/OPC02/OPC0200080/index5467.html]
[demos.thementic.com/opencart/OPC02/OPC0200080/indexeb66.html]
[demos.thementic.com/opencart/OPC02/OPC0200080/index17fa.html]
[demos.thementic.com/opencart/OPC02/OPC0200080/index4bcc.html]
[demos.thementic.com/opencart/OPC02/OPC0200080/indexc1fa.html]
[demos.thementic.com/opencart/OPC02/OPC0200080/index28a2.html]
[demos.thementic.com/opencart/OPC02/OPC0200080/index8122.html]
[demos.thementic.com/opencart/OPC02/OPC0200080/indexafb6.html]
[demos.thementic.com/opencart/OPC02/OPC0200080/indexccd5.html]
[demos.thementic.com/opencart/OPC02/OPC0200080/image/cache/catalog/demo/categories/1-945x212.jpg]
[demos.thementic.com/opencart/OPC02/OPC0200080/image/cache/catalog/demo/categories/12-314x338.jpg]
[demos.thementic.com/opencart/OPC02/OPC0200080/image/cache/catalog/demo/categories/5-314x338.jpg]
[demos.thementic.com/opencart/OPC02/OPC0200080/image/cache/catalog/demo/categories/4-314x338.jpg]
[demos.thementic.com/opencart/OPC02/OPC0200080/index2ed3.html]
[demos.thementic.com/opencart/OPC02/OPC0200080/indexcd03.html]
[demos.thementic.com/opencart/OPC02/OPC0200080/index954b.html]
[demos.thementic.com/opencart/OPC02/OPC0200080/index91c2.html]
[demos.thementic.com/opencart/OPC02/OPC0200080/indexabad.html]
[demos.thementic.com/opencart/OPC02/OPC0200080/image/cache/catalog/demo/categories/12-945x212.jpg]
[demos.thementic.com/opencart/OPC02/OPC0200080/index2336.html]
[demos.thementic.com/opencart/OPC02/OPC0200080/index76bc.html]
[demos.thementic.com/opencart/OPC02/OPC0200080/image/cache/catalog/demo/categories/5-945x212.jpg]
[demos.thementic.com/opencart/OPC02/OPC0200080/index69e8.html]
[demos.thementic.com/opencart/OPC02/OPC0200080/index55b2.html]
[demos.thementic.com/opencart/OPC02/OPC0200080/image/cache/catalog/demo/categories/4-945x212.jpg]
[demos.thementic.com/opencart/OPC02/OPC0200080/index3b11.html]
[demos.thementic.com/opencart/OPC02/OPC0200080/indexc7ff.html]
[demos.thementic.com/opencart/OPC02/OPC0200080/image/cache/catalog/demo/categories/6-945x212.jpg]
[demos.thementic.com/opencart/OPC02/OPC0200080/image/cache/catalog/demo/categories/dry-parsley-314x338.jpg]
[demos.thementic.com/opencart/OPC02/OPC0200080/image/cache/catalog/demo/categories/Sumac-314x338.jpg]
[demos.thementic.com/opencart/OPC02/OPC0200080/image/cache/catalog/demo/categories/thyme-314x338.jpg]
[demos.thementic.com/opencart/OPC02/OPC0200080/indexbe11.html]
[demos.thementic.com/opencart/OPC02/OPC0200080/index6067.html]
[demos.thementic.com/opencart/OPC02/OPC0200080/image/cache/catalog/demo/categories/dry-parsley-945x212.jpg]
[demos.thementic.com/opencart/OPC02/OPC0200080/index1292.html]
[demos.thementic.com/opencart/OPC02/OPC0200080/index616b.html]
[demos.thementic.com/opencart/OPC02/OPC0200080/image/cache/catalog/demo/categories/Sumac-945x212.jpg]
[demos.thementic.com/opencart/OPC02/OPC0200080/indexcc97.html]
[demos.thementic.com/opencart/OPC02/OPC0200080/index4371.html]
[demos.thementic.com/opencart/OPC02/OPC0200080/indexfeb4.html]
[demos.thementic.com/opencart/OPC02/OPC0200080/image/cache/catalog/demo/categories/thyme-945x212.jpg]
[demos.thementic.com/opencart/OPC02/OPC0200080/index22e6.html]
[demos.thementic.com/opencart/OPC02/OPC0200080/indexdf98.html]
[demos.thementic.com/opencart/OPC02/OPC0200080/image/cache/catalog/demo/categories/2-945x212.jpg]
[demos.thementic.com/opencart/OPC02/OPC0200080/image/cache/catalog/demo/categories/nutmeg-powder-314x338.jpg]
[demos.thementic.com/opencart/OPC02/OPC0200080/image/cache/catalog/demo/categories/10-314x338.jpg]
[demos.thementic.com/opencart/OPC02/OPC0200080/indexd86f.html]
[demos.thementic.com/opencart/OPC02/OPC0200080/image/cache/catalog/demo/categories/nutmeg-powder-945x212.jpg]
[demos.thementic.com/opencart/OPC02/OPC0200080/indexa79e.html]
[demos.thementic.com/opencart/OPC02/OPC0200080/indexe1fb.html]
[demos.thementic.com/opencart/OPC02/OPC0200080/indexca09.html]
[demos.thementic.com/opencart/OPC02/OPC0200080/image/cache/catalog/demo/categories/10-945x212.jpg]
[demos.thementic.com/opencart/OPC02/OPC0200080/index8742.html]
[demos.thementic.com/opencart/OPC02/OPC0200080/indexb4d8.html]
[demos.thementic.com/opencart/OPC02/OPC0200080/indexe369.html]
[demos.thementic.com/opencart/OPC02/OPC0200080/image/cache/catalog/demo/categories/8-945x212.jpg]
[demos.thementic.com/opencart/OPC02/OPC0200080/index393d.html]
[demos.thementic.com/opencart/OPC02/OPC0200080/image/cache/catalog/demo/categories/15-945x212.jpg]
[demos.thementic.com/opencart/OPC02/OPC0200080/indexdbf4.html]
[demos.thementic.com/opencart/OPC02/OPC0200080/indexe6d8.html]
[demos.thementic.com/opencart/OPC02/OPC0200080/indexc541.html]
[demos.thementic.com/opencart/OPC02/OPC0200080/indexbd00.html]
[demos.thementic.com/opencart/OPC02/OPC0200080/index9055.html]
[demos.thementic.com/opencart/OPC02/OPC0200080/indexa345.html]
[demos.thementic.com/opencart/OPC02/OPC0200080/indexdcc9.html]
[demos.thementic.com/opencart/OPC02/OPC0200080/indexeae0.html]
[demos.thementic.com/opencart/OPC02/OPC0200080/index9566.html]
[demos.thementic.com/opencart/OPC02/OPC0200080/index7d0c.html]
[demos.thementic.com/opencart/OPC02/OPC0200080/index20de.html]
[demos.thementic.com/opencart/OPC02/OPC0200080/index873e.html]
[demos.thementic.com/opencart/OPC02/OPC0200080/index417e.html]
[demos.thementic.com/opencart/OPC02/OPC0200080/index0770.html]
[demos.thementic.com/opencart/OPC02/OPC0200080/index9647.html]
[demos.thementic.com/opencart/OPC02/OPC0200080/index1555.html]
[demos.thementic.com/opencart/OPC02/OPC0200080/index8fdd.html]
[demos.thementic.com/opencart/OPC02/OPC0200080/index6108.html]
[demos.thementic.com/opencart/OPC02/OPC0200080/index97a5.html]
[demos.thementic.com/opencart/OPC02/OPC0200080/index68ea.html]
[demos.thementic.com/opencart/OPC02/OPC0200080/index4562.html]
[demos.thementic.com/opencart/OPC02/OPC0200080/image/cache/catalog/demo/categories/3-945x212.jpg]
[demos.thementic.com/opencart/OPC02/OPC0200080/indexfcd8.html]
[demos.thementic.com/opencart/OPC02/OPC0200080/indexc985.html]
[demos.thementic.com/opencart/OPC02/OPC0200080/indexed89.html]
[demos.thementic.com/opencart/OPC02/OPC0200080/indexd703.html]
[demos.thementic.com/opencart/OPC02/OPC0200080/index6361.html]
[demos.thementic.com/opencart/OPC02/OPC0200080/indexc60a.html]
[demos.thementic.com/opencart/OPC02/OPC0200080/index8596.html]
[demos.thementic.com/opencart/OPC02/OPC0200080/index27fa.html]
[demos.thementic.com/opencart/OPC02/OPC0200080/index8d55.html]
[demos.thementic.com/opencart/OPC02/OPC0200080/index0fed.html]
[demos.thementic.com/opencart/OPC02/OPC0200080/indexe8ed.html]
[demos.thementic.com/opencart/OPC02/OPC0200080/indexb152.html]
[demos.thementic.com/opencart/OPC02/OPC0200080/index2f48.html]
[demos.thementic.com/opencart/OPC02/OPC0200080/image/cache/catalog/demo/categories/star-anise-945x212.jpg]
[demos.thementic.com/opencart/OPC02/OPC0200080/indexec58.html]
[demos.thementic.com/opencart/OPC02/OPC0200080/image/cache/catalog/demo/categories/9-945x212.jpg]
[demos.thementic.com/opencart/OPC02/OPC0200080/index8b28.html]
[demos.thementic.com/opencart/OPC02/OPC0200080/indexb4cc.html]
[demos.thementic.com/opencart/OPC02/OPC0200080/indexdce4.html]
[demos.thementic.com/opencart/OPC02/OPC0200080/index86b9.html]
[demos.thementic.com/opencart/OPC02/OPC0200080/indexd592.html]
[demos.thementic.com/opencart/OPC02/OPC0200080/indexc957.html]
[demos.thementic.com/opencart/OPC02/OPC0200080/index539d.html]
[demos.thementic.com/opencart/OPC02/OPC0200080/indexc295.html]
[demos.thementic.com/opencart/OPC02/OPC0200080/image/catalog/demo/banners/banner_img4.jpg]
[demos.thementic.com/opencart/OPC02/OPC0200080/image/catalog/demo/banners/banner_img1.jpg]
[demos.thementic.com/opencart/OPC02/OPC0200080/image/cache/catalog/demo/product/10-900x969.jpg]
[demos.thementic.com/opencart/OPC02/OPC0200080/image/cache/catalog/demo/product/10-620x667.jpg]
[demos.thementic.com/opencart/OPC02/OPC0200080/image/cache/catalog/demo/product/2-900x969.jpg]
[demos.thementic.com/opencart/OPC02/OPC0200080/image/cache/catalog/demo/product/11-900x969.jpg]
[demos.thementic.com/opencart/OPC02/OPC0200080/image/cache/catalog/demo/product/12-620x667.jpg]
[demos.thementic.com/opencart/OPC02/OPC0200080/image/cache/catalog/demo/product/14-620x667.jpg]
[demos.thementic.com/opencart/OPC02/OPC0200080/index5b2d.html]
[s7.addthis.com/js/300/addthis_widget.js]
[demos.thementic.com/opencart/OPC02/OPC0200080/indexfac8.html]
[demos.thementic.com/opencart/OPC02/OPC0200080/index0a97.html]
[demos.thementic.com/opencart/OPC02/OPC0200080/indexc9d7.html]
[demos.thementic.com/opencart/OPC02/OPC0200080/index0f47.html]
[demos.thementic.com/opencart/OPC02/OPC0200080/indexf72e.html]
[demos.thementic.com/opencart/OPC02/OPC0200080/image/cache/catalog/demo/product/2-314x338.jpg]
[demos.thementic.com/opencart/OPC02/OPC0200080/image/cache/catalog/demo/product/10-314x338.jpg]
[demos.thementic.com/opencart/OPC02/OPC0200080/index0ac7.php]
[demos.thementic.com/opencart/OPC02/OPC0200080/index6a4d.php]
[demos.thementic.com/opencart/OPC02/OPC0200080/image/cache/catalog/demo/product/13-900x969.jpg]
[demos.thementic.com/opencart/OPC02/OPC0200080/image/cache/catalog/demo/product/3-900x969.jpg]
[demos.thementic.com/opencart/OPC02/OPC0200080/image/cache/catalog/demo/product/3-620x667.jpg]
[demos.thementic.com/opencart/OPC02/OPC0200080/index98fa.html]
[demos.thementic.com/opencart/OPC02/OPC0200080/index22dd.html]
[demos.thementic.com/opencart/OPC02/OPC0200080/index531d.html]
[demos.thementic.com/opencart/OPC02/OPC0200080/image/cache/catalog/demo/product/4-900x969.jpg]
[demos.thementic.com/opencart/OPC02/OPC0200080/index63bb.php]
[demos.thementic.com/opencart/OPC02/OPC0200080/image/cache/catalog/demo/product/4-620x667.jpg]
[demos.thementic.com/opencart/OPC02/OPC0200080/indexf073.html]
[demos.thementic.com/opencart/OPC02/OPC0200080/indexeca1.html]
[demos.thementic.com/opencart/OPC02/OPC0200080/index6f9e.html]
[demos.thementic.com/opencart/OPC02/OPC0200080/index5e0b.html]
[demos.thementic.com/opencart/OPC02/OPC0200080/index0d3e.html]
[demos.thementic.com/opencart/OPC02/OPC0200080/image/cache/catalog/demo/product/8-900x969.jpg]
[demos.thementic.com/opencart/OPC02/OPC0200080/image/cache/catalog/demo/product/8-620x667.jpg]
[demos.thementic.com/opencart/OPC02/OPC0200080/image/cache/catalog/demo/product/7-900x969.jpg]
[demos.thementic.com/opencart/OPC02/OPC0200080/image/cache/catalog/demo/product/7-620x667.jpg]
[demos.thementic.com/opencart/OPC02/OPC0200080/index3b04.html]
[demos.thementic.com/opencart/OPC02/OPC0200080/indexa17e.html]
[demos.thementic.com/opencart/OPC02/OPC0200080/indexcc95.html]
[demos.thementic.com/opencart/OPC02/OPC0200080/image/cache/catalog/demo/product/6-900x969.jpg]
[demos.thementic.com/opencart/OPC02/OPC0200080/image/cache/catalog/demo/product/6-620x667.jpg]
[demos.thementic.com/opencart/OPC02/OPC0200080/indexbfcf.html]
[demos.thementic.com/opencart/OPC02/OPC0200080/index73c4.html]
[demos.thementic.com/opencart/OPC02/OPC0200080/index535a.html]
[demos.thementic.com/opencart/OPC02/OPC0200080/indexd94c.html]
[demos.thementic.com/opencart/OPC02/OPC0200080/index5b4c.html]
[demos.thementic.com/opencart/OPC02/OPC0200080/indexa56d.html]
[demos.thementic.com/opencart/OPC02/OPC0200080/indexb77e.html]
[demos.thementic.com/opencart/OPC02/OPC0200080/indexdd37.html]
[demos.thementic.com/opencart/OPC02/OPC0200080/index54e6.html]
[demos.thementic.com/opencart/OPC02/OPC0200080/index43b9.html]
[demos.thementic.com/opencart/OPC02/OPC0200080/index6320.html]
[demos.thementic.com/opencart/OPC02/OPC0200080/index097a.html]
[demos.thementic.com/opencart/OPC02/OPC0200080/index8be0.html]
[demos.thementic.com/opencart/OPC02/OPC0200080/index0081.html]
[demos.thementic.com/opencart/OPC02/OPC0200080/index2ebe.html]
[demos.thementic.com/opencart/OPC02/OPC0200080/index30de.html]
[demos.thementic.com/opencart/OPC02/OPC0200080/index0845.html]
[demos.thementic.com/opencart/OPC02/OPC0200080/index9144.html]
[demos.thementic.com/opencart/OPC02/OPC0200080/index9aba.html]
[demos.thementic.com/opencart/OPC02/OPC0200080/indexe69c.html]
[demos.thementic.com/opencart/OPC02/OPC0200080/index027f.html]
[demos.thementic.com/opencart/OPC02/OPC0200080/indexd21c.html]
[demos.thementic.com/opencart/OPC02/OPC0200080/index7f5a.html]
[demos.thementic.com/opencart/OPC02/OPC0200080/indexd7fb.html]
[demos.thementic.com/opencart/OPC02/OPC0200080/indexb8ca.html]
[demos.thementic.com/opencart/OPC02/OPC0200080/indexff8a.html]
[demos.thementic.com/opencart/OPC02/OPC0200080/index362b.html]
[demos.thementic.com/opencart/OPC02/OPC0200080/index75be.html]
[demos.thementic.com/opencart/OPC02/OPC0200080/indexabd0.html]
[demos.thementic.com/opencart/OPC02/OPC0200080/image/cache/catalog/demo/product/5-900x969.jpg]
[demos.thementic.com/opencart/OPC02/OPC0200080/image/cache/catalog/demo/product/5-620x667.jpg]
[demos.thementic.com/opencart/OPC02/OPC0200080/index4a81.html]
[demos.thementic.com/opencart/OPC02/OPC0200080/indexcae8.html]
[demos.thementic.com/opencart/OPC02/OPC0200080/index059b.html]
[demos.thementic.com/opencart/OPC02/OPC0200080/indexa4c1.html]
[demos.thementic.com/opencart/OPC02/OPC0200080/index3d7a.html]
[demos.thementic.com/opencart/OPC02/OPC0200080/indexc983.html]
[demos.thementic.com/opencart/OPC02/OPC0200080/indexc62b.html]
[demos.thementic.com/opencart/OPC02/OPC0200080/indexc21e.html]
[demos.thementic.com/opencart/OPC02/OPC0200080/indexa341.html]
[demos.thementic.com/opencart/OPC02/OPC0200080/image/catalog/demo/banners/person3.png]
[demos.thementic.com/opencart/OPC02/OPC0200080/index11d5.html]
[demos.thementic.com/opencart/OPC02/OPC0200080/index4b1d.php]
[demos.thementic.com/opencart/OPC02/OPC0200080/indexaa69.html]
[demos.thementic.com/opencart/OPC02/OPC0200080/index5463.html]
[demos.thementic.com/opencart/OPC02/OPC0200080/indexd773.html]
[demos.thementic.com/opencart/OPC02/OPC0200080/index74a7.html]
[demos.thementic.com/opencart/OPC02/OPC0200080/index2724.html]
[demos.thementic.com/opencart/OPC02/OPC0200080/index4dd2.html]
[demos.thementic.com/opencart/OPC02/OPC0200080/index8816.html]
[demos.thementic.com/opencart/OPC02/OPC0200080/index1766.html]
[demos.thementic.com/opencart/OPC02/OPC0200080/index1679.html]
[demos.thementic.com/opencart/OPC02/OPC0200080/index99e4.html]
[demos.thementic.com/opencart/OPC02/OPC0200080/indexd9fe.html]
[demos.thementic.com/opencart/OPC02/OPC0200080/indexc219.html]
[demos.thementic.com/opencart/OPC02/OPC0200080/indexf3db.html]
[demos.thementic.com/opencart/OPC02/OPC0200080/index955a.html]
[demos.thementic.com/opencart/OPC02/OPC0200080/indexe177.html]
[demos.thementic.com/opencart/OPC02/OPC0200080/index0b4e.html]
[demos.thementic.com/opencart/OPC02/OPC0200080/index6d46.html]
[demos.thementic.com/opencart/OPC02/OPC0200080/index9f41.html]
[demos.thementic.com/opencart/OPC02/OPC0200080/index8470.html]
[demos.thementic.com/opencart/OPC02/OPC0200080/index7cb2.html]
[demos.thementic.com/opencart/OPC02/OPC0200080/index64b3.html]
[demos.thementic.com/opencart/OPC02/OPC0200080/index3d18.html]
[demos.thementic.com/opencart/OPC02/OPC0200080/indexf110.html]
[demos.thementic.com/opencart/OPC02/OPC0200080/catalog/view/javascript/font-awesome/fonts/fontawesome-webfont3e6e.html]
[demos.thementic.com/opencart/OPC02/OPC0200080/index5e06.html]
[demos.thementic.com/opencart/OPC02/OPC0200080/catalog/view/javascript/font-awesome/fonts/fontawesome-webfont3e6e.woff]
[demos.thementic.com/opencart/OPC02/OPC0200080/catalog/view/javascript/font-awesome/fonts/fontawesome-webfont3e6e.ttf]
[demos.thementic.com/opencart/OPC02/OPC0200080/catalog/view/theme/fretinespice/image/themeimage/myaccount.svg]
[demos.thementic.com/opencart/OPC02/OPC0200080/catalog/view/theme/fretinespice/image/themeimage/myaccount-hover.svg]
[demos.thementic.com/opencart/OPC02/OPC0200080/catalog/view/theme/fretinespice/image/themeimage/header-language.svg]
[demos.thementic.com/opencart/OPC02/OPC0200080/catalog/view/theme/fretinespice/image/themeimage/header-language-hover.svg]
[demos.thementic.com/opencart/OPC02/OPC0200080/catalog/view/theme/fretinespice/image/themeimage/header-currency.svg]
[demos.thementic.com/opencart/OPC02/OPC0200080/catalog/view/theme/fretinespice/image/themeimage/header-currency-hover.svg]
[demos.thementic.com/opencart/OPC02/OPC0200080/catalog/view/theme/fretinespice/image/themeimage/header-search.svg]
[demos.thementic.com/opencart/OPC02/OPC0200080/catalog/view/theme/fretinespice/image/themeimage/header-search-hover.svg]
[demos.thementic.com/opencart/OPC02/OPC0200080/catalog/view/theme/fretinespice/image/themeimage/header-close.svg]
[demos.thementic.com/opencart/OPC02/OPC0200080/catalog/view/theme/fretinespice/image/themeimage/header-close-hover.svg]
[demos.thementic.com/opencart/OPC02/OPC0200080/catalog/view/theme/fretinespice/image/themeimage/header-cart.svg]
[demos.thementic.com/opencart/OPC02/OPC0200080/catalog/view/theme/fretinespice/image/themeimage/call.html]
[demos.thementic.com/opencart/OPC02/OPC0200080/catalog/view/theme/fretinespice/image/themeimage/offer-bg.html]
[demos.thementic.com/opencart/OPC02/OPC0200080/catalog/view/theme/fretinespice/image/themeimage/menu-hover-arrow.jpg]
[demos.thementic.com/opencart/OPC02/OPC0200080/catalog/view/theme/fretinespice/image/themeimage/service-1.svg]
[demos.thementic.com/opencart/OPC02/OPC0200080/catalog/view/theme/fretinespice/image/themeimage/service-3.svg]
[demos.thementic.com/opencart/OPC02/OPC0200080/catalog/view/theme/fretinespice/image/themeimage/service-3-hover.svg]
[demos.thementic.com/opencart/OPC02/OPC0200080/catalog/view/theme/fretinespice/image/themeimage/testimonial-quote.svg]
[demos.thementic.com/opencart/OPC02/OPC0200080/catalog/view/theme/fretinespice/image/themeimage/blog-link.html]
[demos.thementic.com/opencart/OPC02/OPC0200080/catalog/view/theme/fretinespice/image/themeimage/product-cart.svg]
[demos.thementic.com/opencart/OPC02/OPC0200080/catalog/view/theme/fretinespice/image/themeimage/product-cart-hover.svg]
[demos.thementic.com/opencart/OPC02/OPC0200080/catalog/view/theme/fretinespice/image/themeimage/product-wishlist.svg]
[demos.thementic.com/opencart/OPC02/OPC0200080/catalog/view/theme/fretinespice/image/themeimage/product-wishlist-hover.svg]
[demos.thementic.com/opencart/OPC02/OPC0200080/catalog/view/theme/fretinespice/image/themeimage/product-compare.svg]
[demos.thementic.com/opencart/OPC02/OPC0200080/catalog/view/theme/fretinespice/image/themeimage/product-compare-hover.svg]
[demos.thementic.com/opencart/OPC02/OPC0200080/catalog/view/theme/fretinespice/image/themeimage/product-zoom.svg]
[demos.thementic.com/opencart/OPC02/OPC0200080/catalog/view/theme/fretinespice/image/themeimage/product-zoom-hover.svg]
[demos.thementic.com/opencart/OPC02/OPC0200080/catalog/view/theme/fretinespice/image/themeimage/ajax-loader.gif]
[demos.thementic.com/opencart/OPC02/OPC0200080/catalog/view/theme/fretinespice/image/themeimage/vertical-menu-icon-active.svg]
[demos.thementic.com/opencart/OPC02/OPC0200080/catalog/view/theme/fretinespice/image/themeimage/vertical-menu-icon-active-hover.svg]
[demos.thementic.com/opencart/OPC02/OPC0200080/catalog/view/theme/fretinespice/image/themeimage/menu.svg]
[demos.thementic.com/opencart/OPC02/OPC0200080/catalog/view/theme/fretinespice/image/themeimage/prod-prev.svg]
[demos.thementic.com/opencart/OPC02/OPC0200080/catalog/view/theme/fretinespice/image/themeimage/prod-prev-hover.svg]
[demos.thementic.com/opencart/OPC02/OPC0200080/catalog/view/theme/fretinespice/image/themeimage/prod-next.svg]
[demos.thementic.com/opencart/OPC02/OPC0200080/catalog/view/theme/fretinespice/image/themeimage/prod-next-hover.svg]
[demos.thementic.com/opencart/OPC02/OPC0200080/catalog/view/theme/fretinespice/image/themeimage/fancybox_loading.html]
[demos.thementic.com/opencart/OPC02/OPC0200080/catalog/view/theme/fretinespice/image/themeimage/blank.html]
[demos.thementic.com/opencart/OPC02/OPC0200080/catalog/view/theme/fretinespice/image/themeimage/fancybox_overlay.html]
[demos.thementic.com/opencart/OPC02/OPC0200080/catalog/view/theme/fretinespice/image/themeimage/menu-hover.svg]
[demos.thementic.com/opencart/OPC02/OPC0200080/catalog/view/theme/fretinespice/image/themeimage/zoom.html]
[demos.thementic.com/opencart/OPC02/OPC0200080/catalog/view/javascript/bootstrap/fonts/glyphicons-halflings-regulard41d.eot]
[demos.thementic.com/opencart/OPC02/OPC0200080/catalog/view/javascript/bootstrap/fonts/glyphicons-halflings-regular.svg]
[demos.thementic.com/opencart/OPC02/OPC0200080/catalog/view/javascript/jquery/swiper/img/slider-prev-hover.svg]
[demos.thementic.com/opencart/OPC02/OPC0200080/catalog/view/javascript/jquery/swiper/img/slider-next.svg]
[demos.thementic.com/opencart/OPC02/OPC0200080/catalog/view/javascript/jquery/swiper/img/slider-next-hover.svg]
[demos.thementic.com/opencart/OPC02/OPC0200080/indexacda.html]
[demos.thementic.com/opencart/OPC02/OPC0200080/catalog/view/javascript/jquery/datetimepicker/bootstrap-datetimepicker.min.css]
[demos.thementic.com/opencart/OPC02/OPC0200080/index11ee.html]
[demos.thementic.com/opencart/OPC02/OPC0200080/index.html]
[demos.thementic.com/opencart/OPC02/OPC0200080/indexaf7a.php]
[demos.thementic.com/opencart/OPC02/OPC0200080/catalog/view/javascript/jquery/datetimepicker/moment/moment-with-locales.min.js]
[demos.thementic.com/opencart/OPC02/OPC0200080/indexf341.html]
[demos.thementic.com/opencart/OPC02/OPC0200080/indexfd9e.html]
[demos.thementic.com/opencart/OPC02/OPC0200080/image/cache/catalog/demo/categories/mixed-peppercorns-945x212.jpg]
[demos.thementic.com/opencart/OPC02/OPC0200080/image/cache/catalog/demo/categories/pink-peppercorn-314x338.jpg]
[demos.thementic.com/opencart/OPC02/OPC0200080/image/cache/catalog/demo/categories/11-314x338.jpg]
[demos.thementic.com/opencart/OPC02/OPC0200080/index6f63.html]
[demos.thementic.com/opencart/OPC02/OPC0200080/index1030.html]
[demos.thementic.com/opencart/OPC02/OPC0200080/index8d24.html]
[demos.thementic.com/opencart/OPC02/OPC0200080/index5d9a.html]
[demos.thementic.com/opencart/OPC02/OPC0200080/indexebf3.html]
[demos.thementic.com/opencart/OPC02/OPC0200080/index4dba.html]
[demos.thementic.com/opencart/OPC02/OPC0200080/index9bb0.html]
[demos.thementic.com/opencart/OPC02/OPC0200080/index5c81.html]
[demos.thementic.com/opencart/OPC02/OPC0200080/indexce1a.html]
[demos.thementic.com/opencart/OPC02/OPC0200080/indexcf62.html]
[demos.thementic.com/opencart/OPC02/OPC0200080/index4f81.html]
[demos.thementic.com/opencart/OPC02/OPC0200080/index227a.html]
[demos.thementic.com/opencart/OPC02/OPC0200080/indexa1a3.html]
[demos.thementic.com/opencart/OPC02/OPC0200080/indexb148.html]
[demos.thementic.com/opencart/OPC02/OPC0200080/index8bbb.html]
[demos.thementic.com/opencart/OPC02/OPC0200080/indexb7b9.html]
[demos.thementic.com/opencart/OPC02/OPC0200080/indexf470.html]
[demos.thementic.com/opencart/OPC02/OPC0200080/index9932.html]
[demos.thementic.com/opencart/OPC02/OPC0200080/index3569.html]
[demos.thementic.com/opencart/OPC02/OPC0200080/index1bd2.html]
[demos.thementic.com/opencart/OPC02/OPC0200080/indexccba.html]
[demos.thementic.com/opencart/OPC02/OPC0200080/indexde48.html]
[demos.thementic.com/opencart/OPC02/OPC0200080/index17bf.html]
[demos.thementic.com/opencart/OPC02/OPC0200080/index5f32.html]
[demos.thementic.com/opencart/OPC02/OPC0200080/index879b.html]
[demos.thementic.com/opencart/OPC02/OPC0200080/index1645.html]
[demos.thementic.com/opencart/OPC02/OPC0200080/index3f41.html]
[demos.thementic.com/opencart/OPC02/OPC0200080/index116a.html]
[demos.thementic.com/opencart/OPC02/OPC0200080/index7956.html]
[demos.thementic.com/opencart/OPC02/OPC0200080/index98dc.html]
[demos.thementic.com/opencart/OPC02/OPC0200080/indexfa89.html]
[demos.thementic.com/opencart/OPC02/OPC0200080/index2a35.html]
[demos.thementic.com/opencart/OPC02/OPC0200080/image/cache/catalog/demo/categories/14-945x212.jpg]
[demos.thementic.com/opencart/OPC02/OPC0200080/indexedcd.html]
[demos.thementic.com/opencart/OPC02/OPC0200080/index70a9.html]
[demos.thementic.com/opencart/OPC02/OPC0200080/indexcac5.html]
[demos.thementic.com/opencart/OPC02/OPC0200080/index5c51.html]
[demos.thementic.com/opencart/OPC02/OPC0200080/index1647.php]
[demos.thementic.com/opencart/OPC02/OPC0200080/index35eb.html]
[demos.thementic.com/opencart/OPC02/OPC0200080/indexbb02.html]
[demos.thementic.com/opencart/OPC02/OPC0200080/index6d6f.html]
[demos.thementic.com/opencart/OPC02/OPC0200080/image/cache/catalog/demo/categories/6-314x338.jpg]
[demos.thementic.com/opencart/OPC02/OPC0200080/index7fa3.php]
[demos.thementic.com/opencart/OPC02/OPC0200080/indexad43.php]
[demos.thementic.com/opencart/OPC02/OPC0200080/indexcc55.html]
[demos.thementic.com/opencart/OPC02/OPC0200080/image/cache/catalog/demo/categories/2-314x338.jpg]
[demos.thementic.com/opencart/OPC02/OPC0200080/index6431.php]
[demos.thementic.com/opencart/OPC02/OPC0200080/index42c4.html]
[demos.thementic.com/opencart/OPC02/OPC0200080/indexd800.html]
[demos.thementic.com/opencart/OPC02/OPC0200080/index1fd0.html]
[demos.thementic.com/opencart/OPC02/OPC0200080/index13e5.html]
[demos.thementic.com/opencart/OPC02/OPC0200080/index0556.html]
[demos.thementic.com/opencart/OPC02/OPC0200080/index3365.html]
[demos.thementic.com/opencart/OPC02/OPC0200080/indexf63b.html]
[demos.thementic.com/opencart/OPC02/OPC0200080/indexf68b.html]
[demos.thementic.com/opencart/OPC02/OPC0200080/index9192.html]
[demos.thementic.com/opencart/OPC02/OPC0200080/indexe41d.php]
[demos.thementic.com/opencart/OPC02/OPC0200080/index5284.html]
[demos.thementic.com/opencart/OPC02/OPC0200080/index50de.html]
[demos.thementic.com/opencart/OPC02/OPC0200080/indexf9e1.html]
[demos.thementic.com/opencart/OPC02/OPC0200080/image/cache/catalog/demo/product/11-77x83.jpg]
[demos.thementic.com/opencart/OPC02/OPC0200080/indexcd0a.html]
[demos.thementic.com/opencart/OPC02/OPC0200080/indexe43c.html]
[demos.thementic.com/opencart/OPC02/OPC0200080/index0e0a.html]
[demos.thementic.com/opencart/OPC02/OPC0200080/index8f62.html]
[demos.thementic.com/opencart/OPC02/OPC0200080/indexfbbe.html]
[demos.thementic.com/opencart/OPC02/OPC0200080/index7997.html]
[demos.thementic.com/opencart/OPC02/OPC0200080/indexac72.html]
[demos.thementic.com/opencart/OPC02/OPC0200080/indexccf5.html]
[demos.thementic.com/opencart/OPC02/OPC0200080/indexd467.html]
[demos.thementic.com/opencart/OPC02/OPC0200080/index09cd.html]
[demos.thementic.com/opencart/OPC02/OPC0200080/indexa127.html]
[demos.thementic.com/opencart/OPC02/OPC0200080/index5467.html]
[demos.thementic.com/opencart/OPC02/OPC0200080/indexaacf.html]
[demos.thementic.com/opencart/OPC02/OPC0200080/indexeb66.html]
[demos.thementic.com/opencart/OPC02/OPC0200080/index17fa.html]
[demos.thementic.com/opencart/OPC02/OPC0200080/index4bcc.html]
[demos.thementic.com/opencart/OPC02/OPC0200080/indexc1fa.html]
[demos.thementic.com/opencart/OPC02/OPC0200080/index28a2.html]
[demos.thementic.com/opencart/OPC02/OPC0200080/indexafb6.html]
[demos.thementic.com/opencart/OPC02/OPC0200080/index30c9.html]
[demos.thementic.com/opencart/OPC02/OPC0200080/indexc8f8.html]
[demos.thementic.com/opencart/OPC02/OPC0200080/index0f9d.html]
[demos.thementic.com/opencart/OPC02/OPC0200080/indexccd5.html]
[demos.thementic.com/opencart/OPC02/OPC0200080/index2ed3.html]
[demos.thementic.com/opencart/OPC02/OPC0200080/index954b.html]
[demos.thementic.com/opencart/OPC02/OPC0200080/indexb5d4.html]
[demos.thementic.com/opencart/OPC02/OPC0200080/index91c2.html]
[demos.thementic.com/opencart/OPC02/OPC0200080/indexabad.html]
[demos.thementic.com/opencart/OPC02/OPC0200080/index76bc.html]
[demos.thementic.com/opencart/OPC02/OPC0200080/index55b2.html]
[demos.thementic.com/opencart/OPC02/OPC0200080/index5726.html]
[demos.thementic.com/opencart/OPC02/OPC0200080/indexa1d5.html]
[demos.thementic.com/opencart/OPC02/OPC0200080/index1b3e.html]
[demos.thementic.com/opencart/OPC02/OPC0200080/indexc7ff.html]
[demos.thementic.com/opencart/OPC02/OPC0200080/index6067.html]
[demos.thementic.com/opencart/OPC02/OPC0200080/index616b.html]
[demos.thementic.com/opencart/OPC02/OPC0200080/index7510.html]
[demos.thementic.com/opencart/OPC02/OPC0200080/index4371.html]
[demos.thementic.com/opencart/OPC02/OPC0200080/indexfeb4.html]
[demos.thementic.com/opencart/OPC02/OPC0200080/index2158.html]
[demos.thementic.com/opencart/OPC02/OPC0200080/index1905.html]
[demos.thementic.com/opencart/OPC02/OPC0200080/index64f5.html]
[demos.thementic.com/opencart/OPC02/OPC0200080/indexdf98.html]
[demos.thementic.com/opencart/OPC02/OPC0200080/index0e13.html]
[demos.thementic.com/opencart/OPC02/OPC0200080/image/cache/catalog/demo/categories/8-314x338.jpg]
[demos.thementic.com/opencart/OPC02/OPC0200080/index2ac9.html]
[demos.thementic.com/opencart/OPC02/OPC0200080/indexe1fb.html]
[demos.thementic.com/opencart/OPC02/OPC0200080/indexca09.html]
[demos.thementic.com/opencart/OPC02/OPC0200080/indexb4d8.html]
[demos.thementic.com/opencart/OPC02/OPC0200080/indexe369.html]
[demos.thementic.com/opencart/OPC02/OPC0200080/indexab60.html]
[demos.thementic.com/opencart/OPC02/OPC0200080/indexe6d8.html]
[demos.thementic.com/opencart/OPC02/OPC0200080/indexdbf4.html]
[demos.thementic.com/opencart/OPC02/OPC0200080/indexc541.html]
[demos.thementic.com/opencart/OPC02/OPC0200080/index9055.html]
[demos.thementic.com/opencart/OPC02/OPC0200080/indexbd00.html]
[demos.thementic.com/opencart/OPC02/OPC0200080/indexa345.html]
[demos.thementic.com/opencart/OPC02/OPC0200080/indexdcc9.html]
[demos.thementic.com/opencart/OPC02/OPC0200080/indexeae0.html]
[demos.thementic.com/opencart/OPC02/OPC0200080/index9566.html]
[demos.thementic.com/opencart/OPC02/OPC0200080/index873e.html]
[demos.thementic.com/opencart/OPC02/OPC0200080/index7d0c.html]
[demos.thementic.com/opencart/OPC02/OPC0200080/index20de.html]
[demos.thementic.com/opencart/OPC02/OPC0200080/index417e.html]
[demos.thementic.com/opencart/OPC02/OPC0200080/index0770.html]
[demos.thementic.com/opencart/OPC02/OPC0200080/index9647.html]
[demos.thementic.com/opencart/OPC02/OPC0200080/index1555.html]
[demos.thementic.com/opencart/OPC02/OPC0200080/index8fdd.html]
[demos.thementic.com/opencart/OPC02/OPC0200080/index6108.html]
[demos.thementic.com/opencart/OPC02/OPC0200080/index97a5.html]
[demos.thementic.com/opencart/OPC02/OPC0200080/index4562.html]
[demos.thementic.com/opencart/OPC02/OPC0200080/indexfcd8.html]
[demos.thementic.com/opencart/OPC02/OPC0200080/indexc985.html]
[demos.thementic.com/opencart/OPC02/OPC0200080/indexed89.html]
[demos.thementic.com/opencart/OPC02/OPC0200080/indexd703.html]
[demos.thementic.com/opencart/OPC02/OPC0200080/index6361.html]
[demos.thementic.com/opencart/OPC02/OPC0200080/indexc60a.html]
[demos.thementic.com/opencart/OPC02/OPC0200080/index8596.html]
[demos.thementic.com/opencart/OPC02/OPC0200080/index27fa.html]
[demos.thementic.com/opencart/OPC02/OPC0200080/index8d55.html]
[demos.thementic.com/opencart/OPC02/OPC0200080/index0fed.html]
[demos.thementic.com/opencart/OPC02/OPC0200080/indexe8ed.html]
[demos.thementic.com/opencart/OPC02/OPC0200080/index2f48.html]
[demos.thementic.com/opencart/OPC02/OPC0200080/index8b28.html]
[demos.thementic.com/opencart/OPC02/OPC0200080/indexb4cc.html]
[demos.thementic.com/opencart/OPC02/OPC0200080/indexdce4.html]
[demos.thementic.com/opencart/OPC02/OPC0200080/index86b9.html]
[demos.thementic.com/opencart/OPC02/OPC0200080/indexd592.html]
[demos.thementic.com/opencart/OPC02/OPC0200080/index539d.html]
[demos.thementic.com/opencart/OPC02/OPC0200080/image/cache/catalog/demo/product/1-620x667.jpg]
[demos.thementic.com/opencart/OPC02/OPC0200080/image/cache/catalog/demo/product/11-620x667.jpg]
[demos.thementic.com/opencart/OPC02/OPC0200080/image/cache/catalog/demo/product/12-900x969.jpg]
[demos.thementic.com/opencart/OPC02/OPC0200080/image/cache/catalog/demo/product/14-900x969.jpg]
[demos.thementic.com/opencart/OPC02/OPC0200080/index5b2d.html]
[demos.thementic.com/opencart/OPC02/OPC0200080/indexfac8.html]
[demos.thementic.com/opencart/OPC02/OPC0200080/index0a97.html]
[demos.thementic.com/opencart/OPC02/OPC0200080/index1e1c.html]
[demos.thementic.com/opencart/OPC02/OPC0200080/indexc9d7.html]
[demos.thementic.com/opencart/OPC02/OPC0200080/indexe29e.html]
[demos.thementic.com/opencart/OPC02/OPC0200080/index3356.html]
[demos.thementic.com/opencart/OPC02/OPC0200080/index6a4d.php]
[demos.thementic.com/opencart/OPC02/OPC0200080/index0ac7.php]
[demos.thementic.com/opencart/OPC02/OPC0200080/image/cache/catalog/demo/product/13-314x338.jpg]
[demos.thementic.com/opencart/OPC02/OPC0200080/image/cache/catalog/demo/product/13-620x667.jpg]
[demos.thementic.com/opencart/OPC02/OPC0200080/index1b67.html]
[demos.thementic.com/opencart/OPC02/OPC0200080/indexe671.html]
[demos.thementic.com/opencart/OPC02/OPC0200080/index99d5.html]
[demos.thementic.com/opencart/OPC02/OPC0200080/index9bf0.html]
[demos.thementic.com/opencart/OPC02/OPC0200080/index9f90.html]
[demos.thementic.com/opencart/OPC02/OPC0200080/index0dfa.html]
[demos.thementic.com/opencart/OPC02/OPC0200080/index98fa.html]
[demos.thementic.com/opencart/OPC02/OPC0200080/index22dd.html]
[demos.thementic.com/opencart/OPC02/OPC0200080/index63bb.php]
[demos.thementic.com/opencart/OPC02/OPC0200080/indexf073.html]
[demos.thementic.com/opencart/OPC02/OPC0200080/indexeca1.html]
[demos.thementic.com/opencart/OPC02/OPC0200080/index6f9e.html]
[demos.thementic.com/opencart/OPC02/OPC0200080/index3b04.html]
[demos.thementic.com/opencart/OPC02/OPC0200080/indexbfcf.html]
[demos.thementic.com/opencart/OPC02/OPC0200080/index73c4.html]
[demos.thementic.com/opencart/OPC02/OPC0200080/index535a.html]
[demos.thementic.com/opencart/OPC02/OPC0200080/indexa56d.html]
[demos.thementic.com/opencart/OPC02/OPC0200080/index54e6.html]
[demos.thementic.com/opencart/OPC02/OPC0200080/index43b9.html]
[demos.thementic.com/opencart/OPC02/OPC0200080/index8be0.html]
[demos.thementic.com/opencart/OPC02/OPC0200080/index0081.html]
[demos.thementic.com/opencart/OPC02/OPC0200080/index0845.html]
[demos.thementic.com/opencart/OPC02/OPC0200080/indexe69c.html]
[demos.thementic.com/opencart/OPC02/OPC0200080/index027f.html]
[demos.thementic.com/opencart/OPC02/OPC0200080/indexd7fb.html]
[demos.thementic.com/opencart/OPC02/OPC0200080/index362b.html]
[demos.thementic.com/opencart/OPC02/OPC0200080/index4a81.html]
[demos.thementic.com/opencart/OPC02/OPC0200080/indexa4c1.html]
[demos.thementic.com/opencart/OPC02/OPC0200080/indexc62b.html]
[demos.thementic.com/opencart/OPC02/OPC0200080/index4b1d.php]
[demos.thementic.com/opencart/OPC02/OPC0200080/index74a7.html]
[demos.thementic.com/opencart/OPC02/OPC0200080/indexd9fe.html]
[demos.thementic.com/opencart/OPC02/OPC0200080/indexc219.html]
[demos.thementic.com/opencart/OPC02/OPC0200080/indexf3db.html]
[demos.thementic.com/opencart/OPC02/OPC0200080/index955a.html]
[demos.thementic.com/opencart/OPC02/OPC0200080/indexe177.html]
[demos.thementic.com/opencart/OPC02/OPC0200080/index0b4e.html]
[demos.thementic.com/opencart/OPC02/OPC0200080/index6d46.html]
[demos.thementic.com/opencart/OPC02/OPC0200080/index9f41.html]
[demos.thementic.com/opencart/OPC02/OPC0200080/index8470.html]
[demos.thementic.com/opencart/OPC02/OPC0200080/index64b3.html]
[demos.thementic.com/opencart/OPC02/OPC0200080/index5e06.html]
[demos.thementic.com/opencart/OPC02/OPC0200080/catalog/view/theme/fretinespice/image/themeimage/service-2.svg]
[demos.thementic.com/opencart/OPC02/OPC0200080/catalog/view/theme/fretinespice/image/themeimage/service-2-hover.svg]
[demos.thementic.com/opencart/OPC02/OPC0200080/catalog/view/theme/fretinespice/image/themeimage/cms-sprite.png]
[demos.thementic.com/opencart/OPC02/OPC0200080/catalog/view/javascript/jquery/swiper/img/slider-prev.svg]
[demos.thementic.com/opencart/OPC02/OPC0200080/indexaf7a.php]
[demos.thementic.com/opencart/OPC02/OPC0200080/indexf341.html]
[demos.thementic.com/opencart/OPC02/OPC0200080/indexfd9e.html]
[demos.thementic.com/opencart/OPC02/OPC0200080/index6f63.html]
[demos.thementic.com/opencart/OPC02/OPC0200080/index1030.html]
[demos.thementic.com/opencart/OPC02/OPC0200080/index8d24.html]
[demos.thementic.com/opencart/OPC02/OPC0200080/index5d9a.html]
[demos.thementic.com/opencart/OPC02/OPC0200080/indexebf3.html]
[demos.thementic.com/opencart/OPC02/OPC0200080/index4dba.html]
[demos.thementic.com/opencart/OPC02/OPC0200080/index9bb0.html]
[demos.thementic.com/opencart/OPC02/OPC0200080/index5c81.html]
[demos.thementic.com/opencart/OPC02/OPC0200080/indexce1a.html]
[demos.thementic.com/opencart/OPC02/OPC0200080/indexcf62.html]
[demos.thementic.com/opencart/OPC02/OPC0200080/index4f81.html]
[demos.thementic.com/opencart/OPC02/OPC0200080/index227a.html]
[demos.thementic.com/opencart/OPC02/OPC0200080/indexa1a3.html]
[demos.thementic.com/opencart/OPC02/OPC0200080/indexb148.html]
[demos.thementic.com/opencart/OPC02/OPC0200080/index8bbb.html]
[demos.thementic.com/opencart/OPC02/OPC0200080/indexb7b9.html]
[demos.thementic.com/opencart/OPC02/OPC0200080/indexf470.html]
[demos.thementic.com/opencart/OPC02/OPC0200080/index9932.html]
[demos.thementic.com/opencart/OPC02/OPC0200080/index3569.html]
[demos.thementic.com/opencart/OPC02/OPC0200080/index1bd2.html]
[demos.thementic.com/opencart/OPC02/OPC0200080/indexccba.html]
[demos.thementic.com/opencart/OPC02/OPC0200080/indexde48.html]
[demos.thementic.com/opencart/OPC02/OPC0200080/index17bf.html]
[demos.thementic.com/opencart/OPC02/OPC0200080/index5f32.html]
[demos.thementic.com/opencart/OPC02/OPC0200080/index879b.html]
[demos.thementic.com/opencart/OPC02/OPC0200080/index1645.html]
[demos.thementic.com/opencart/OPC02/OPC0200080/index3f41.html]
[demos.thementic.com/opencart/OPC02/OPC0200080/index116a.html]
[demos.thementic.com/opencart/OPC02/OPC0200080/index7956.html]
[demos.thementic.com/opencart/OPC02/OPC0200080/indexfa89.html]
[demos.thementic.com/opencart/OPC02/OPC0200080/index2a35.html]
[demos.thementic.com/opencart/OPC02/OPC0200080/indexedcd.html]
[demos.thementic.com/opencart/OPC02/OPC0200080/index5c51.html]
[demos.thementic.com/opencart/OPC02/OPC0200080/image/cache/catalog/demo/categories/rosemary-powder-314x338.jpg]
[demos.thementic.com/opencart/OPC02/OPC0200080/index3ec9.html]
[demos.thementic.com/opencart/OPC02/OPC0200080/indexd626.html]
[demos.thementic.com/opencart/OPC02/OPC0200080/indexcff6.html]
[demos.thementic.com/opencart/OPC02/OPC0200080/index10cb.html]
[demos.thementic.com/opencart/OPC02/OPC0200080/index6fca.html]
[demos.thementic.com/opencart/OPC02/OPC0200080/index1c7e.html]
[demos.thementic.com/opencart/OPC02/OPC0200080/index7093.html]
[demos.thementic.com/opencart/OPC02/OPC0200080/index65f8.html]
[demos.thementic.com/opencart/OPC02/OPC0200080/indexf75d.html]
[demos.thementic.com/opencart/OPC02/OPC0200080/indexda58.html]
[demos.thementic.com/opencart/OPC02/OPC0200080/index330c.html]
[demos.thementic.com/opencart/OPC02/OPC0200080/indexd952.html]
[demos.thementic.com/opencart/OPC02/OPC0200080/index8db7.html]
[demos.thementic.com/opencart/OPC02/OPC0200080/indexfca0.html]
[demos.thementic.com/opencart/OPC02/OPC0200080/index32a4.html]
[demos.thementic.com/opencart/OPC02/OPC0200080/index12b7.html]
[demos.thementic.com/opencart/OPC02/OPC0200080/index0231.html]
[demos.thementic.com/opencart/OPC02/OPC0200080/indexa272.html]
[demos.thementic.com/opencart/OPC02/OPC0200080/index3474.html]
[demos.thementic.com/opencart/OPC02/OPC0200080/index1647.php]
[demos.thementic.com/opencart/OPC02/OPC0200080/indexe1b1.html]
[demos.thementic.com/opencart/OPC02/OPC0200080/index262c.html]
[demos.thementic.com/opencart/OPC02/OPC0200080/image/cache/catalog/demo/categories/16-945x212.jpg]
[demos.thementic.com/opencart/OPC02/OPC0200080/image/cache/catalog/demo/categories/7-314x338.jpg]
[demos.thementic.com/opencart/OPC02/OPC0200080/image/cache/catalog/demo/categories/fennel-seeds-314x338.jpg]
[demos.thementic.com/opencart/OPC02/OPC0200080/indexd992.html]
[demos.thementic.com/opencart/OPC02/OPC0200080/index8539.html]
[demos.thementic.com/opencart/OPC02/OPC0200080/index2835.html]
[demos.thementic.com/opencart/OPC02/OPC0200080/index71c2.html]
[demos.thementic.com/opencart/OPC02/OPC0200080/indexe632.html]
[demos.thementic.com/opencart/OPC02/OPC0200080/index21a8.html]
[demos.thementic.com/opencart/OPC02/OPC0200080/index8476.html]
[demos.thementic.com/opencart/OPC02/OPC0200080/index20fd.html]
[demos.thementic.com/opencart/OPC02/OPC0200080/indexe668.html]
[demos.thementic.com/opencart/OPC02/OPC0200080/index859f.html]
[demos.thementic.com/opencart/OPC02/OPC0200080/indexeba6.html]
[demos.thementic.com/opencart/OPC02/OPC0200080/index26aa.html]
[demos.thementic.com/opencart/OPC02/OPC0200080/index7b1f.html]
[demos.thementic.com/opencart/OPC02/OPC0200080/indexee10.html]
[demos.thementic.com/opencart/OPC02/OPC0200080/index1527.html]
[demos.thementic.com/opencart/OPC02/OPC0200080/index4928.html]
[demos.thementic.com/opencart/OPC02/OPC0200080/index0a01.html]
[demos.thementic.com/opencart/OPC02/OPC0200080/indexb42f.html]
[demos.thementic.com/opencart/OPC02/OPC0200080/index8906.html]
[demos.thementic.com/opencart/OPC02/OPC0200080/index7fa3.php]
[demos.thementic.com/opencart/OPC02/OPC0200080/index911d.html]
[demos.thementic.com/opencart/OPC02/OPC0200080/index77f4.html]
[demos.thementic.com/opencart/OPC02/OPC0200080/indexef89.html]
[demos.thementic.com/opencart/OPC02/OPC0200080/index204d.html]
[demos.thementic.com/opencart/OPC02/OPC0200080/indexc1bc.html]
[demos.thementic.com/opencart/OPC02/OPC0200080/index8551.html]
[demos.thementic.com/opencart/OPC02/OPC0200080/index8534.html]
[demos.thementic.com/opencart/OPC02/OPC0200080/indexe7b4.html]
[demos.thementic.com/opencart/OPC02/OPC0200080/index2ade.html]
[demos.thementic.com/opencart/OPC02/OPC0200080/index5b20.html]
[demos.thementic.com/opencart/OPC02/OPC0200080/index1110.html]
[demos.thementic.com/opencart/OPC02/OPC0200080/index3246.html]
[demos.thementic.com/opencart/OPC02/OPC0200080/index2d51.html]
[demos.thementic.com/opencart/OPC02/OPC0200080/indexd243.html]
[demos.thementic.com/opencart/OPC02/OPC0200080/index4a7a.html]
[demos.thementic.com/opencart/OPC02/OPC0200080/indexffb7.html]
[demos.thementic.com/opencart/OPC02/OPC0200080/indexb5d4-2.html]
[demos.thementic.com/opencart/OPC02/OPC0200080/index78ed.html]
[demos.thementic.com/opencart/OPC02/OPC0200080/index6b18.html]
[demos.thementic.com/opencart/OPC02/OPC0200080/indexa3e3.html]
[demos.thementic.com/opencart/OPC02/OPC0200080/indexf970.html]
[demos.thementic.com/opencart/OPC02/OPC0200080/indexa945.html]
[demos.thementic.com/opencart/OPC02/OPC0200080/index4685.html]
[demos.thementic.com/opencart/OPC02/OPC0200080/index6caa.html]
[demos.thementic.com/opencart/OPC02/OPC0200080/indexed57.html]
[demos.thementic.com/opencart/OPC02/OPC0200080/index3013.html]
[demos.thementic.com/opencart/OPC02/OPC0200080/index4753.html]
[demos.thementic.com/opencart/OPC02/OPC0200080/index978d.html]
[demos.thementic.com/opencart/OPC02/OPC0200080/indexad43.php]
[demos.thementic.com/opencart/OPC02/OPC0200080/index35eb.html]
[demos.thementic.com/opencart/OPC02/OPC0200080/index6431.php]
[demos.thementic.com/opencart/OPC02/OPC0200080/indexe41d.php]
[demos.thementic.com/opencart/OPC02/OPC0200080/indexcd0a.html]
[demos.thementic.com/opencart/OPC02/OPC0200080/index8f62.html]
[demos.thementic.com/opencart/OPC02/OPC0200080/indexaacf.html]
[demos.thementic.com/opencart/OPC02/OPC0200080/index30c9.html]
[demos.thementic.com/opencart/OPC02/OPC0200080/indexc8f8.html]
[demos.thementic.com/opencart/OPC02/OPC0200080/index0f9d.html]
[demos.thementic.com/opencart/OPC02/OPC0200080/indexb5d4.html]
[demos.thementic.com/opencart/OPC02/OPC0200080/index5726.html]
[demos.thementic.com/opencart/OPC02/OPC0200080/indexa1d5.html]
[demos.thementic.com/opencart/OPC02/OPC0200080/index1b3e.html]
[demos.thementic.com/opencart/OPC02/OPC0200080/index7510.html]
[demos.thementic.com/opencart/OPC02/OPC0200080/index2158.html]
[demos.thementic.com/opencart/OPC02/OPC0200080/index1905.html]
[demos.thementic.com/opencart/OPC02/OPC0200080/index64f5.html]
[demos.thementic.com/opencart/OPC02/OPC0200080/index5977.html]
[demos.thementic.com/opencart/OPC02/OPC0200080/index0e13.html]
[demos.thementic.com/opencart/OPC02/OPC0200080/index2ac9.html]
[demos.thementic.com/opencart/OPC02/OPC0200080/indexab60.html]
[demos.thementic.com/opencart/OPC02/OPC0200080/index78f6.html]
[demos.thementic.com/opencart/OPC02/OPC0200080/index6dd2.php]
[demos.thementic.com/opencart/OPC02/OPC0200080/image/cache/catalog/demo/product/1-900x969.jpg]
[demos.thementic.com/opencart/OPC02/OPC0200080/indexe29e.html]
[demos.thementic.com/opencart/OPC02/OPC0200080/index3356.html]
[demos.thementic.com/opencart/OPC02/OPC0200080/index1b67.html]
[demos.thementic.com/opencart/OPC02/OPC0200080/index73b3.php]
[demos.thementic.com/opencart/OPC02/OPC0200080/index2759.php]
[demos.thementic.com/opencart/OPC02/OPC0200080/index7e09.php]
[demos.thementic.com/opencart/OPC02/OPC0200080/indexe671.html]
[demos.thementic.com/opencart/OPC02/OPC0200080/index99d5.html]
[demos.thementic.com/opencart/OPC02/OPC0200080/index92e0.php]
[demos.thementic.com/opencart/OPC02/OPC0200080/index9bf0.html]
[demos.thementic.com/opencart/OPC02/OPC0200080/index3fa6.php]
[demos.thementic.com/opencart/OPC02/OPC0200080/index9f90.html]
[demos.thementic.com/opencart/OPC02/OPC0200080/index0dfa.html]
[demos.thementic.com/opencart/OPC02/OPC0200080/index39f5.php]
[demos.thementic.com/opencart/OPC02/OPC0200080/image/cache/catalog/demo/product/2-620x667.jpg]
[demos.thementic.com/opencart/OPC02/OPC0200080/index4b6e.php]
[demos.thementic.com/opencart/OPC02/OPC0200080/index6081.php]
[demos.thementic.com/opencart/OPC02/OPC0200080/indexb0e6.php]
[demos.thementic.com/opencart/OPC02/OPC0200080/index29e3.php]
[demos.thementic.com/opencart/OPC02/OPC0200080/indexd38a.php]
[demos.thementic.com/opencart/OPC02/OPC0200080/indexbe19.php]
[demos.thementic.com/opencart/OPC02/OPC0200080/indexe53b.php]
[demos.thementic.com/opencart/OPC02/OPC0200080/index1e84.php]
[demos.thementic.com/opencart/OPC02/OPC0200080/index3f48.php]
[demos.thementic.com/opencart/OPC02/OPC0200080/indexf596.php]
[demos.thementic.com/opencart/OPC02/OPC0200080/index0ff9.php]
[demos.thementic.com/opencart/OPC02/OPC0200080/index7bca.php]
[demos.thementic.com/opencart/OPC02/OPC0200080/index2c9f.php]
[demos.thementic.com/opencart/OPC02/OPC0200080/index0271.php]
[demos.thementic.com/opencart/OPC02/OPC0200080/index4cee.php]
[demos.thementic.com/opencart/OPC02/OPC0200080/index5a4b.php]
[demos.thementic.com/opencart/OPC02/OPC0200080/index91d0.php]
[demos.thementic.com/opencart/OPC02/OPC0200080/index34f4.php]
[demos.thementic.com/opencart/OPC02/OPC0200080/index2ef2.php]
[demos.thementic.com/opencart/OPC02/OPC0200080/index608e.php]
[demos.thementic.com/opencart/OPC02/OPC0200080/index8cc5.php]
[demos.thementic.com/opencart/OPC02/OPC0200080/image/cache/catalog/demo/categories/basil-powder-945x212.jpg]
[demos.thementic.com/opencart/OPC02/OPC0200080/image/cache/catalog/demo/categories/pink-peppercorn-945x212.jpg]
[demos.thementic.com/opencart/OPC02/OPC0200080/index68a7.php]
[demos.thementic.com/opencart/OPC02/OPC0200080/index8e1e.php]
[demos.thementic.com/opencart/OPC02/OPC0200080/image/cache/catalog/demo/categories/juniper-powder-945x212.jpg]
[demos.thementic.com/opencart/OPC02/OPC0200080/image/cache/catalog/demo/categories/rosemary-powder-945x212.jpg]
[demos.thementic.com/opencart/OPC02/OPC0200080/index103d.php]
[demos.thementic.com/opencart/OPC02/OPC0200080/index13cb.php]
[demos.thementic.com/opencart/OPC02/OPC0200080/image/cache/catalog/demo/categories/17-314x338.jpg]
[demos.thementic.com/opencart/OPC02/OPC0200080/image/cache/catalog/demo/categories/13-945x212.jpg]
[demos.thementic.com/opencart/OPC02/OPC0200080/image/cache/catalog/demo/categories/19-314x338.jpg]
[demos.thementic.com/opencart/OPC02/OPC0200080/indexa161.php]
[demos.thementic.com/opencart/OPC02/OPC0200080/indexcd5f.php]
[demos.thementic.com/opencart/OPC02/OPC0200080/index99b0.php]
[demos.thementic.com/opencart/OPC02/OPC0200080/index67d1.php]
[demos.thementic.com/opencart/OPC02/OPC0200080/image/cache/catalog/demo/categories/17-945x212.jpg]
[demos.thementic.com/opencart/OPC02/OPC0200080/indexaa17.php]
[demos.thementic.com/opencart/OPC02/OPC0200080/image/cache/catalog/demo/categories/7-945x212.jpg]
[demos.thementic.com/opencart/OPC02/OPC0200080/index01ec.php]
[demos.thementic.com/opencart/OPC02/OPC0200080/image/cache/catalog/demo/categories/19-945x212.jpg]
[demos.thementic.com/opencart/OPC02/OPC0200080/image/cache/catalog/demo/categories/fennel-seeds-945x212.jpg]
[demos.thementic.com/opencart/OPC02/OPC0200080/index9e67.php]
[demos.thementic.com/opencart/OPC02/OPC0200080/index8b7b.php]
[demos.thementic.com/opencart/OPC02/OPC0200080/catalog/view/javascript/font-awesome/fonts/fontawesome-webfont3e6e.svg]
[demos.thementic.com/opencart/OPC02/OPC0200080/catalog/view/theme/fretinespice/image/themeimage/category.jpg]
[demos.thementic.com/opencart/OPC02/OPC0200080/catalog/view/theme/fretinespice/image/themeimage/service-1-hover.svg]
[demos.thementic.com/opencart/OPC02/OPC0200080/catalog/view/theme/fretinespice/image/themeimage/top-button.svg]
[demos.thementic.com/opencart/OPC02/OPC0200080/indexc6b3.php]
[demos.thementic.com/opencart/OPC02/OPC0200080/index3467.php]
[demos.thementic.com/opencart/OPC02/OPC0200080/indexfc82.php]
[demos.thementic.com/opencart/OPC02/OPC0200080/index9b7b.php]
[demos.thementic.com/opencart/OPC02/OPC0200080/index5c04.php]
[demos.thementic.com/opencart/OPC02/OPC0200080/index001d.php]
[demos.thementic.com/opencart/OPC02/OPC0200080/index447b.php]
[demos.thementic.com/opencart/OPC02/OPC0200080/index1240.php]
[demos.thementic.com/opencart/OPC02/OPC0200080/indexf175.php]
[demos.thementic.com/opencart/OPC02/OPC0200080/indexf753.php]
[demos.thementic.com/opencart/OPC02/OPC0200080/index8501.php]
[demos.thementic.com/opencart/OPC02/OPC0200080/index5433.php]
[demos.thementic.com/opencart/OPC02/OPC0200080/indexd67e.php]
[demos.thementic.com/opencart/OPC02/OPC0200080/index2714.php]
[demos.thementic.com/opencart/OPC02/OPC0200080/index5f5b.php]
[demos.thementic.com/opencart/OPC02/OPC0200080/index3e43.php]
[demos.thementic.com/opencart/OPC02/OPC0200080/index885a.php]
[demos.thementic.com/opencart/OPC02/OPC0200080/indexa2bf.php]
[demos.thementic.com/opencart/OPC02/OPC0200080/indexbb1e.php]
[demos.thementic.com/opencart/OPC02/OPC0200080/indexf860.php]
[demos.thementic.com/opencart/OPC02/OPC0200080/index58a3.php]
[demos.thementic.com/opencart/OPC02/OPC0200080/index31b4.php]
[demos.thementic.com/opencart/OPC02/OPC0200080/index4db1.php]
[demos.thementic.com/opencart/OPC02/OPC0200080/index8b9f.php]
[demos.thementic.com/opencart/OPC02/OPC0200080/index43a9.php]
[demos.thementic.com/opencart/OPC02/OPC0200080/index8b95.php]
[demos.thementic.com/opencart/OPC02/OPC0200080/indexf3a7.php]
[demos.thementic.com/opencart/OPC02/OPC0200080/index4688.php]
[demos.thementic.com/opencart/OPC02/OPC0200080/index9229.php]
[demos.thementic.com/opencart/OPC02/OPC0200080/index0547.php]
[demos.thementic.com/opencart/OPC02/OPC0200080/index313a.php]
[demos.thementic.com/opencart/OPC02/OPC0200080/index7f80.php]
[demos.thementic.com/opencart/OPC02/OPC0200080/indexaefb.php]
[demos.thementic.com/opencart/OPC02/OPC0200080/index14aa.php]
[demos.thementic.com/opencart/OPC02/OPC0200080/indexca62.php]
[demos.thementic.com/opencart/OPC02/OPC0200080/index5cc9.php]
[demos.thementic.com/opencart/OPC02/OPC0200080/index3953.php]
[demos.thementic.com/opencart/OPC02/OPC0200080/index5272.php]
[demos.thementic.com/opencart/OPC02/OPC0200080/index6ced.php]
[demos.thementic.com/opencart/OPC02/OPC0200080/index446f.php]
[demos.thementic.com/opencart/OPC02/OPC0200080/index92e1.php]
[demos.thementic.com/opencart/OPC02/OPC0200080/index454f.php]
[demos.thementic.com/opencart/OPC02/OPC0200080/indexdbcc.php]
[demos.thementic.com/opencart/OPC02/OPC0200080/image/cache/catalog/demo/categories/18-945x212.jpg]
[demos.thementic.com/opencart/OPC02/OPC0200080/index6edf.php]
[demos.thementic.com/opencart/OPC02/OPC0200080/image/cache/catalog/demo/categories/ginger-powder-314x338.jpg]
[demos.thementic.com/opencart/OPC02/OPC0200080/index5f84.php]
[demos.thementic.com/opencart/OPC02/OPC0200080/image/cache/catalog/demo/categories/13-314x338.jpg]
[demos.thementic.com/opencart/OPC02/OPC0200080/image/cache/catalog/demo/categories/juniper-powder-314x338.jpg]
[demos.thementic.com/opencart/OPC02/OPC0200080/index2c15.php]
[demos.thementic.com/opencart/OPC02/OPC0200080/indexc06c.php]
[demos.thementic.com/opencart/OPC02/OPC0200080/index98dc.php]
[demos.thementic.com/opencart/OPC02/OPC0200080/index509d.php]
[demos.thementic.com/opencart/OPC02/OPC0200080/index3ec9.html]
[demos.thementic.com/opencart/OPC02/OPC0200080/indexd626.html]
[demos.thementic.com/opencart/OPC02/OPC0200080/indexcff6.html]
[demos.thementic.com/opencart/OPC02/OPC0200080/index10cb.html]
[demos.thementic.com/opencart/OPC02/OPC0200080/index6fca.html]
[demos.thementic.com/opencart/OPC02/OPC0200080/index1c7e.html]
[demos.thementic.com/opencart/OPC02/OPC0200080/index7093.html]
[demos.thementic.com/opencart/OPC02/OPC0200080/index65f8.html]
[demos.thementic.com/opencart/OPC02/OPC0200080/indexf75d.html]
[demos.thementic.com/opencart/OPC02/OPC0200080/indexda58.html]
[demos.thementic.com/opencart/OPC02/OPC0200080/index330c.html]
[demos.thementic.com/opencart/OPC02/OPC0200080/indexd952.html]
[demos.thementic.com/opencart/OPC02/OPC0200080/index8db7.html]
[demos.thementic.com/opencart/OPC02/OPC0200080/indexfca0.html]
[demos.thementic.com/opencart/OPC02/OPC0200080/index32a4.html]
[demos.thementic.com/opencart/OPC02/OPC0200080/index8476.html]
[demos.thementic.com/opencart/OPC02/OPC0200080/index12b7.html]
[demos.thementic.com/opencart/OPC02/OPC0200080/index0231.html]
[demos.thementic.com/opencart/OPC02/OPC0200080/indexa272.html]
[demos.thementic.com/opencart/OPC02/OPC0200080/index9b53.php]
[demos.thementic.com/opencart/OPC02/OPC0200080/index3474.html]
[demos.thementic.com/opencart/OPC02/OPC0200080/index262c.html]
[demos.thementic.com/opencart/OPC02/OPC0200080/index56de.html]
[demos.thementic.com/opencart/OPC02/OPC0200080/indexd571.html]
[demos.thementic.com/opencart/OPC02/OPC0200080/indexe1b1.html]
[demos.thementic.com/opencart/OPC02/OPC0200080/indexd992.html]
[demos.thementic.com/opencart/OPC02/OPC0200080/index8539.html]
[demos.thementic.com/opencart/OPC02/OPC0200080/index2835.html]
[demos.thementic.com/opencart/OPC02/OPC0200080/index71c2.html]
[demos.thementic.com/opencart/OPC02/OPC0200080/index21a8.html]
[demos.thementic.com/opencart/OPC02/OPC0200080/indexe632.html]
[demos.thementic.com/opencart/OPC02/OPC0200080/index20fd.html]
[demos.thementic.com/opencart/OPC02/OPC0200080/index95b0.html]
[demos.thementic.com/opencart/OPC02/OPC0200080/index9b35.php]
[demos.thementic.com/opencart/OPC02/OPC0200080/indexea0a.php]
[demos.thementic.com/opencart/OPC02/OPC0200080/indexa476.php]
[demos.thementic.com/opencart/OPC02/OPC0200080/indexe999.php]
[demos.thementic.com/opencart/OPC02/OPC0200080/index81b1.php]
[demos.thementic.com/opencart/OPC02/OPC0200080/indexe668.html]
[demos.thementic.com/opencart/OPC02/OPC0200080/index859f.html]
[demos.thementic.com/opencart/OPC02/OPC0200080/indexeba6.html]
[demos.thementic.com/opencart/OPC02/OPC0200080/index26aa.html]
[demos.thementic.com/opencart/OPC02/OPC0200080/index7b1f.html]
[demos.thementic.com/opencart/OPC02/OPC0200080/indexee10.html]
[demos.thementic.com/opencart/OPC02/OPC0200080/index4928.html]
[demos.thementic.com/opencart/OPC02/OPC0200080/index1527.html]
[demos.thementic.com/opencart/OPC02/OPC0200080/indexb42f.html]
[demos.thementic.com/opencart/OPC02/OPC0200080/index0a01.html]
[demos.thementic.com/opencart/OPC02/OPC0200080/indexbf67.php]
[demos.thementic.com/opencart/OPC02/OPC0200080/indexa567.php]
[demos.thementic.com/opencart/OPC02/OPC0200080/index8906.html]
[demos.thementic.com/opencart/OPC02/OPC0200080/index77f4.html]
[demos.thementic.com/opencart/OPC02/OPC0200080/index911d.html]
[demos.thementic.com/opencart/OPC02/OPC0200080/indexef89.html]
[demos.thementic.com/opencart/OPC02/OPC0200080/index204d.html]
[demos.thementic.com/opencart/OPC02/OPC0200080/index3fec.html]
[demos.thementic.com/opencart/OPC02/OPC0200080/indexc1bc.html]
[demos.thementic.com/opencart/OPC02/OPC0200080/index8551.html]
[demos.thementic.com/opencart/OPC02/OPC0200080/index8534.html]
[demos.thementic.com/opencart/OPC02/OPC0200080/indexe7b4.html]
[demos.thementic.com/opencart/OPC02/OPC0200080/index2ade.html]
[demos.thementic.com/opencart/OPC02/OPC0200080/index5b20.html]
[demos.thementic.com/opencart/OPC02/OPC0200080/index1110.html]
[demos.thementic.com/opencart/OPC02/OPC0200080/index3246.html]
[demos.thementic.com/opencart/OPC02/OPC0200080/index2d51.html]
[demos.thementic.com/opencart/OPC02/OPC0200080/indexd243.html]
[demos.thementic.com/opencart/OPC02/OPC0200080/index4a7a.html]
[demos.thementic.com/opencart/OPC02/OPC0200080/indexb5d4-2.html]
[demos.thementic.com/opencart/OPC02/OPC0200080/indexffb7.html]
[demos.thementic.com/opencart/OPC02/OPC0200080/index78ed.html]
[demos.thementic.com/opencart/OPC02/OPC0200080/indexa3e3.html]
[demos.thementic.com/opencart/OPC02/OPC0200080/index6b18.html]
[demos.thementic.com/opencart/OPC02/OPC0200080/indexf970.html]
[demos.thementic.com/opencart/OPC02/OPC0200080/indexa945.html]
[demos.thementic.com/opencart/OPC02/OPC0200080/index4685.html]
[demos.thementic.com/opencart/OPC02/OPC0200080/indexed57.html]
[demos.thementic.com/opencart/OPC02/OPC0200080/index6caa.html]
[demos.thementic.com/opencart/OPC02/OPC0200080/index3013.html]
[demos.thementic.com/opencart/OPC02/OPC0200080/indexa5ad.php]
[demos.thementic.com/opencart/OPC02/OPC0200080/index8ec9.php]
[demos.thementic.com/opencart/OPC02/OPC0200080/index4753.html]
[demos.thementic.com/opencart/OPC02/OPC0200080/index978d.html]
[demos.thementic.com/opencart/OPC02/OPC0200080/indexa4c8.php]
[demos.thementic.com/opencart/OPC02/OPC0200080/index338b.php]
[demos.thementic.com/opencart/OPC02/OPC0200080/index0096.php]
[demos.thementic.com/opencart/OPC02/OPC0200080/indexdc88.php]
[demos.thementic.com/opencart/OPC02/OPC0200080/index5977.html]
[demos.thementic.com/opencart/OPC02/OPC0200080/index78f6.html]
[demos.thementic.com/opencart/OPC02/OPC0200080/index73b3.php]
[demos.thementic.com/opencart/OPC02/OPC0200080/index6dd2.php]
[demos.thementic.com/opencart/OPC02/OPC0200080/index2759.php]
[demos.thementic.com/opencart/OPC02/OPC0200080/index7e09.php]
[demos.thementic.com/opencart/OPC02/OPC0200080/index92e0.php]
[demos.thementic.com/opencart/OPC02/OPC0200080/index39f5.php]
[demos.thementic.com/opencart/OPC02/OPC0200080/index3fa6.php]
[demos.thementic.com/opencart/OPC02/OPC0200080/index4b6e.php]
[demos.thementic.com/opencart/OPC02/OPC0200080/index6081.php]
[demos.thementic.com/opencart/OPC02/OPC0200080/indexb0e6.php]
[demos.thementic.com/opencart/OPC02/OPC0200080/indexd38a.php]
[demos.thementic.com/opencart/OPC02/OPC0200080/index29e3.php]
[demos.thementic.com/opencart/OPC02/OPC0200080/indexe53b.php]
[demos.thementic.com/opencart/OPC02/OPC0200080/indexbe19.php]
[demos.thementic.com/opencart/OPC02/OPC0200080/index1e84.php]
[demos.thementic.com/opencart/OPC02/OPC0200080/index3f48.php]
[demos.thementic.com/opencart/OPC02/OPC0200080/indexf596.php]
[demos.thementic.com/opencart/OPC02/OPC0200080/index0271.php]
[demos.thementic.com/opencart/OPC02/OPC0200080/index7bca.php]
[demos.thementic.com/opencart/OPC02/OPC0200080/index0ff9.php]
[demos.thementic.com/opencart/OPC02/OPC0200080/index4cee.php]
[demos.thementic.com/opencart/OPC02/OPC0200080/index91d0.php]
[demos.thementic.com/opencart/OPC02/OPC0200080/indexb252.php]
[demos.thementic.com/opencart/OPC02/OPC0200080/index6a11.php]
[demos.thementic.com/opencart/OPC02/OPC0200080/index2ef2.php]
[demos.thementic.com/opencart/OPC02/OPC0200080/index34f4.php]
[demos.thementic.com/opencart/OPC02/OPC0200080/index32dd.php]
[demos.thementic.com/opencart/OPC02/OPC0200080/index608e.php]
[demos.thementic.com/opencart/OPC02/OPC0200080/indexf345.php]
[demos.thementic.com/opencart/OPC02/OPC0200080/index8cc5.php]
[demos.thementic.com/opencart/OPC02/OPC0200080/indexc262.html]
[demos.thementic.com/opencart/OPC02/OPC0200080/index68a7.php]
[demos.thementic.com/opencart/OPC02/OPC0200080/index8e1e.php]
[demos.thementic.com/opencart/OPC02/OPC0200080/index103d.php]
[demos.thementic.com/opencart/OPC02/OPC0200080/index43ee.html]
[demos.thementic.com/opencart/OPC02/OPC0200080/index772e.html]
[demos.thementic.com/opencart/OPC02/OPC0200080/index9711.html]
[demos.thementic.com/opencart/OPC02/OPC0200080/index13cb.php]
[demos.thementic.com/opencart/OPC02/OPC0200080/indexa161.php]
[demos.thementic.com/opencart/OPC02/OPC0200080/indexcd5f.php]
[demos.thementic.com/opencart/OPC02/OPC0200080/index67d1.php]
[demos.thementic.com/opencart/OPC02/OPC0200080/index99b0.php]
[demos.thementic.com/opencart/OPC02/OPC0200080/indexaa17.php]
[demos.thementic.com/opencart/OPC02/OPC0200080/index01ec.php]
[demos.thementic.com/opencart/OPC02/OPC0200080/index7674.html]
[demos.thementic.com/opencart/OPC02/OPC0200080/indexcc0e.php]
[demos.thementic.com/opencart/OPC02/OPC0200080/indexfc82.php]
[demos.thementic.com/opencart/OPC02/OPC0200080/index9e67.php]
[demos.thementic.com/opencart/OPC02/OPC0200080/index8b7b.php]
[demos.thementic.com/opencart/OPC02/OPC0200080/index5c04.php]
[demos.thementic.com/opencart/OPC02/OPC0200080/index3467.php]
[demos.thementic.com/opencart/OPC02/OPC0200080/index9b7b.php]
[demos.thementic.com/opencart/OPC02/OPC0200080/indexf175.php]
[demos.thementic.com/opencart/OPC02/OPC0200080/index001d.php]
[demos.thementic.com/opencart/OPC02/OPC0200080/index8501.php]
[demos.thementic.com/opencart/OPC02/OPC0200080/index447b.php]
[demos.thementic.com/opencart/OPC02/OPC0200080/index1240.php]
[demos.thementic.com/opencart/OPC02/OPC0200080/indexf753.php]
[demos.thementic.com/opencart/OPC02/OPC0200080/index5433.php]
[demos.thementic.com/opencart/OPC02/OPC0200080/indexd67e.php]
[demos.thementic.com/opencart/OPC02/OPC0200080/index2714.php]
[demos.thementic.com/opencart/OPC02/OPC0200080/index5f5b.php]
[demos.thementic.com/opencart/OPC02/OPC0200080/index3e43.php]
[demos.thementic.com/opencart/OPC02/OPC0200080/index885a.php]
[demos.thementic.com/opencart/OPC02/OPC0200080/indexf860.php]
[demos.thementic.com/opencart/OPC02/OPC0200080/indexa2bf.php]
[demos.thementic.com/opencart/OPC02/OPC0200080/index0027.html]
[demos.thementic.com/opencart/OPC02/OPC0200080/index140a.html]
[demos.thementic.com/opencart/OPC02/OPC0200080/indexbb1e.php]
[demos.thementic.com/opencart/OPC02/OPC0200080/index31b4.php]
[demos.thementic.com/opencart/OPC02/OPC0200080/index58a3.php]
[demos.thementic.com/opencart/OPC02/OPC0200080/index4db1.php]
[demos.thementic.com/opencart/OPC02/OPC0200080/index8b9f.php]
[demos.thementic.com/opencart/OPC02/OPC0200080/index02d5.html]
[demos.thementic.com/opencart/OPC02/OPC0200080/index6836.php]
[demos.thementic.com/opencart/OPC02/OPC0200080/index43a9.php]
[demos.thementic.com/opencart/OPC02/OPC0200080/index8b95.php]
[demos.thementic.com/opencart/OPC02/OPC0200080/indexf3a7.php]
[demos.thementic.com/opencart/OPC02/OPC0200080/index4688.php]
[demos.thementic.com/opencart/OPC02/OPC0200080/index9229.php]
[demos.thementic.com/opencart/OPC02/OPC0200080/index313a.php]
[demos.thementic.com/opencart/OPC02/OPC0200080/index0547.php]
[demos.thementic.com/opencart/OPC02/OPC0200080/index7f80.php]
[demos.thementic.com/opencart/OPC02/OPC0200080/indexaefb.php]
[demos.thementic.com/opencart/OPC02/OPC0200080/index14aa.php]
[demos.thementic.com/opencart/OPC02/OPC0200080/index3953.php]
[demos.thementic.com/opencart/OPC02/OPC0200080/indexca62.php]
[demos.thementic.com/opencart/OPC02/OPC0200080/index5cc9.php]
[demos.thementic.com/opencart/OPC02/OPC0200080/index5272.php]
[demos.thementic.com/opencart/OPC02/OPC0200080/index6ced.php]
[demos.thementic.com/opencart/OPC02/OPC0200080/index446f.php]
[demos.thementic.com/opencart/OPC02/OPC0200080/index92e1.php]
[demos.thementic.com/opencart/OPC02/OPC0200080/index454f.php]
[demos.thementic.com/opencart/OPC02/OPC0200080/index5f84.php]
[demos.thementic.com/opencart/OPC02/OPC0200080/index9b53.php]
[demos.thementic.com/opencart/OPC02/OPC0200080/index21aa.php]
[demos.thementic.com/opencart/OPC02/OPC0200080/index0eb6.html]
[demos.thementic.com/opencart/OPC02/OPC0200080/index97a7.html]
[demos.thementic.com/opencart/OPC02/OPC0200080/index3bbf.html]
[demos.thementic.com/opencart/OPC02/OPC0200080/index116f.html]
[demos.thementic.com/opencart/OPC02/OPC0200080/index6edf.php]
[demos.thementic.com/opencart/OPC02/OPC0200080/indexdbcc.php]
[demos.thementic.com/opencart/OPC02/OPC0200080/index203a.html]
[demos.thementic.com/opencart/OPC02/OPC0200080/index2c15.php]
[demos.thementic.com/opencart/OPC02/OPC0200080/indexc06c.php]
[demos.thementic.com/opencart/OPC02/OPC0200080/index98dc.php]
[demos.thementic.com/opencart/OPC02/OPC0200080/index509d.php]
[demos.thementic.com/opencart/OPC02/OPC0200080/indexa4e2.php]
[demos.thementic.com/opencart/OPC02/OPC0200080/indexf03f.php]
[demos.thementic.com/opencart/OPC02/OPC0200080/index56de.html]
[demos.thementic.com/opencart/OPC02/OPC0200080/image/cache/catalog/demo/categories/basil-powder-314x338.jpg]
[demos.thementic.com/opencart/OPC02/OPC0200080/indexd571.html]
[demos.thementic.com/opencart/OPC02/OPC0200080/index95b0.html]
[demos.thementic.com/opencart/OPC02/OPC0200080/index9b35.php]
[demos.thementic.com/opencart/OPC02/OPC0200080/indexa476.php]
[demos.thementic.com/opencart/OPC02/OPC0200080/index0493.php]
[demos.thementic.com/opencart/OPC02/OPC0200080/indexea0a.php]
[demos.thementic.com/opencart/OPC02/OPC0200080/indexe999.php]
[demos.thementic.com/opencart/OPC02/OPC0200080/index81b1.php]
[demos.thementic.com/opencart/OPC02/OPC0200080/indexa913.php]
[demos.thementic.com/opencart/OPC02/OPC0200080/index95ce.php]
[demos.thementic.com/opencart/OPC02/OPC0200080/indexbf67.php]
[demos.thementic.com/opencart/OPC02/OPC0200080/indexa567.php]
[demos.thementic.com/opencart/OPC02/OPC0200080/indexb95c.php]
[demos.thementic.com/opencart/OPC02/OPC0200080/index45b9.php]
[demos.thementic.com/opencart/OPC02/OPC0200080/indexc80b.php]
[demos.thementic.com/opencart/OPC02/OPC0200080/indexab06.php]
[demos.thementic.com/opencart/OPC02/OPC0200080/index5a39.php]
[demos.thementic.com/opencart/OPC02/OPC0200080/indexcd19.php]
[demos.thementic.com/opencart/OPC02/OPC0200080/index3fec.html]
[demos.thementic.com/opencart/OPC02/OPC0200080/indexba61.php]
[demos.thementic.com/opencart/OPC02/OPC0200080/indexc142.php]
[demos.thementic.com/opencart/OPC02/OPC0200080/index8ec9.php]
[demos.thementic.com/opencart/OPC02/OPC0200080/indexa5ad.php]
[demos.thementic.com/opencart/OPC02/OPC0200080/indexa4c8.php]
[demos.thementic.com/opencart/OPC02/OPC0200080/index9235.php]
[demos.thementic.com/opencart/OPC02/OPC0200080/index2403.php]
[demos.thementic.com/opencart/OPC02/OPC0200080/indexb287.php]
[demos.thementic.com/opencart/OPC02/OPC0200080/index338b.php]
[demos.thementic.com/opencart/OPC02/OPC0200080/index0096.php]
[demos.thementic.com/opencart/OPC02/OPC0200080/indexdc88.php]
[demos.thementic.com/opencart/OPC02/OPC0200080/indexc262.html]
[demos.thementic.com/opencart/OPC02/OPC0200080/index8669.php]
[demos.thementic.com/opencart/OPC02/OPC0200080/index43ee.html]
[demos.thementic.com/opencart/OPC02/OPC0200080/indexcd4d.php]
[demos.thementic.com/opencart/OPC02/OPC0200080/image/cache/catalog/demo/categories/ginger-powder-945x212.jpg]
[demos.thementic.com/opencart/OPC02/OPC0200080/index6afe.php]
[demos.thementic.com/opencart/OPC02/OPC0200080/index772e.html]
[demos.thementic.com/opencart/OPC02/OPC0200080/index9711.html]
[demos.thementic.com/opencart/OPC02/OPC0200080/index7674.html]
[demos.thementic.com/opencart/OPC02/OPC0200080/indexcc0e.php]
[demos.thementic.com/opencart/OPC02/OPC0200080/indexf6ce.php]
[demos.thementic.com/opencart/OPC02/OPC0200080/index0f4d.php]
[demos.thementic.com/opencart/OPC02/OPC0200080/indexee18.php]
[demos.thementic.com/opencart/OPC02/OPC0200080/indexcf8c.php]
[demos.thementic.com/opencart/OPC02/OPC0200080/indexbcd9.php]
[demos.thementic.com/opencart/OPC02/OPC0200080/indexd875.html]
[demos.thementic.com/opencart/OPC02/OPC0200080/index0027.html]
[demos.thementic.com/opencart/OPC02/OPC0200080/index140a.html]
[demos.thementic.com/opencart/OPC02/OPC0200080/index02d5.html]
[demos.thementic.com/opencart/OPC02/OPC0200080/index6836.php]
[demos.thementic.com/opencart/OPC02/OPC0200080/index85c4.php]
[demos.thementic.com/opencart/OPC02/OPC0200080/indexb4f9.php]
[demos.thementic.com/opencart/OPC02/OPC0200080/indexc025.php]
[demos.thementic.com/opencart/OPC02/OPC0200080/index21aa.php]
[demos.thementic.com/opencart/OPC02/OPC0200080/indexcd58.php]
[demos.thementic.com/opencart/OPC02/OPC0200080/indexb1ec.html]
[demos.thementic.com/opencart/OPC02/OPC0200080/index0eb6.html]
[demos.thementic.com/opencart/OPC02/OPC0200080/index97a7.html]
[demos.thementic.com/opencart/OPC02/OPC0200080/index3bbf.html]
[demos.thementic.com/opencart/OPC02/OPC0200080/image/cache/catalog/demo/categories/11-945x212.jpg]
[demos.thementic.com/opencart/OPC02/OPC0200080/index116f.html]
[demos.thementic.com/opencart/OPC02/OPC0200080/index203a.html]
[demos.thementic.com/opencart/OPC02/OPC0200080/indexa4e2.php]
[demos.thementic.com/opencart/OPC02/OPC0200080/indexf03f.php]
[demos.thementic.com/opencart/OPC02/OPC0200080/index95ce.php]
[demos.thementic.com/opencart/OPC02/OPC0200080/index0493.php]
[demos.thementic.com/opencart/OPC02/OPC0200080/indexa913.php]
[demos.thementic.com/opencart/OPC02/OPC0200080/indexb95c.php]
[demos.thementic.com/opencart/OPC02/OPC0200080/index45b9.php]
[demos.thementic.com/opencart/OPC02/OPC0200080/indexab06.php]
[demos.thementic.com/opencart/OPC02/OPC0200080/indexc80b.php]
[demos.thementic.com/opencart/OPC02/OPC0200080/index5a39.php]
[demos.thementic.com/opencart/OPC02/OPC0200080/indexcd19.php]
[demos.thementic.com/opencart/OPC02/OPC0200080/indexba61.php]
[demos.thementic.com/opencart/OPC02/OPC0200080/indexc142.php]
[demos.thementic.com/opencart/OPC02/OPC0200080/index9235.php]
[demos.thementic.com/opencart/OPC02/OPC0200080/index2403.php]
[demos.thementic.com/opencart/OPC02/OPC0200080/indexb287.php]
[demos.thementic.com/opencart/OPC02/OPC0200080/index8669.php]
[demos.thementic.com/opencart/OPC02/OPC0200080/indexcd4d.php]
[demos.thementic.com/opencart/OPC02/OPC0200080/indexe991.php]
[demos.thementic.com/opencart/OPC02/OPC0200080/indexea61.php]
[demos.thementic.com/opencart/OPC02/OPC0200080/indexb845.php]
[demos.thementic.com/opencart/OPC02/OPC0200080/index9ea6.html]
[demos.thementic.com/opencart/OPC02/OPC0200080/indexc698.html]
[demos.thementic.com/opencart/OPC02/OPC0200080/indexb141.html]
[demos.thementic.com/opencart/OPC02/OPC0200080/index3b66.html]
[demos.thementic.com/opencart/OPC02/OPC0200080/index27e7.html]
[demos.thementic.com/opencart/OPC02/OPC0200080/indexd94c-2.html]
[demos.thementic.com/opencart/OPC02/OPC0200080/index6afe.php]
[demos.thementic.com/opencart/OPC02/OPC0200080/indexf6ce.php]
[demos.thementic.com/opencart/OPC02/OPC0200080/indexbcd9.php]
[demos.thementic.com/opencart/OPC02/OPC0200080/indexee18.php]
[demos.thementic.com/opencart/OPC02/OPC0200080/indexcf8c.php]
[demos.thementic.com/opencart/OPC02/OPC0200080/indexd875.html]
[demos.thementic.com/opencart/OPC02/OPC0200080/indexb1ec.html]
[demos.thementic.com/opencart/OPC02/OPC0200080/indexea61.php]
[demos.thementic.com/opencart/OPC02/OPC0200080/indexb845.php]
[demos.thementic.com/opencart/OPC02/OPC0200080/indexe991.php]
[demos.thementic.com/opencart/OPC02/OPC0200080/index9ea6.html]
[demos.thementic.com/opencart/OPC02/OPC0200080/indexb141.html]
[demos.thementic.com/opencart/OPC02/OPC0200080/indexc698.html]
[demos.thementic.com/opencart/OPC02/OPC0200080/index0598.html]
[demos.thementic.com/opencart/OPC02/OPC0200080/indexcda5.html]
[demos.thementic.com/opencart/OPC02/OPC0200080/indexcda5.html]
[demos.thementic.com/opencart/OPC02/OPC0200080/index3b66.html]
[demos.thementic.com/opencart/OPC02/OPC0200080/index27e7.html]
[demos.thementic.com/opencart/OPC02/OPC0200080/indexd94c-2.html]
[demos.thementic.com/opencart/OPC02/OPC0200080/index0598.html]
